<?xml version="1.0" encoding="ISO-8859-1" ?>
<link_info>
   <banner>TI ARM Linker PC v18.1.3.LTS</banner>
   <copyright>Copyright (c) 1996-2017 Texas Instruments Incorporated</copyright>
   <link_time>0x5cae74a7</link_time>
   <link_errors>0x0</link_errors>
   <output_file>freertos_demo.out</output_file>
   <entry_point>
      <name>_c_int00_noargs</name>
      <address>0x4a61</address>
   </entry_point>
   <input_file_list>
      <input_file id="fl-2">
         <path>.\</path>
         <kind>object</kind>
         <file>alert.obj</file>
         <name>alert.obj</name>
      </input_file>
      <input_file id="fl-3">
         <path>.\</path>
         <kind>object</kind>
         <file>cgifuncs.obj</file>
         <name>cgifuncs.obj</name>
      </input_file>
      <input_file id="fl-4">
         <path>.\</path>
         <kind>object</kind>
         <file>i2c.obj</file>
         <name>i2c.obj</name>
      </input_file>
      <input_file id="fl-5">
         <path>.\</path>
         <kind>object</kind>
         <file>led.obj</file>
         <name>led.obj</name>
      </input_file>
      <input_file id="fl-6">
         <path>.\</path>
         <kind>object</kind>
         <file>log.obj</file>
         <name>log.obj</name>
      </input_file>
      <input_file id="fl-7">
         <path>.\</path>
         <kind>object</kind>
         <file>main.obj</file>
         <name>main.obj</name>
      </input_file>
      <input_file id="fl-8">
         <path>.\</path>
         <kind>object</kind>
         <file>startup_ccs.obj</file>
         <name>startup_ccs.obj</name>
      </input_file>
      <input_file id="fl-9">
         <path>.\</path>
         <kind>object</kind>
         <file>temperature.obj</file>
         <name>temperature.obj</name>
      </input_file>
      <input_file id="fl-a">
         <path>.\drivers\</path>
         <kind>object</kind>
         <file>frame.obj</file>
         <name>frame.obj</name>
      </input_file>
      <input_file id="fl-b">
         <path>.\drivers\</path>
         <kind>object</kind>
         <file>kentec320x240x16_ssd2119.obj</file>
         <name>kentec320x240x16_ssd2119.obj</name>
      </input_file>
      <input_file id="fl-c">
         <path>.\drivers\</path>
         <kind>object</kind>
         <file>pinout.obj</file>
         <name>pinout.obj</name>
      </input_file>
      <input_file id="fl-d">
         <path>.\drivers\</path>
         <kind>object</kind>
         <file>touch.obj</file>
         <name>touch.obj</name>
      </input_file>
      <input_file id="fl-e">
         <path>.\third_party\FreeRTOS\Source\</path>
         <kind>object</kind>
         <file>croutine.obj</file>
         <name>croutine.obj</name>
      </input_file>
      <input_file id="fl-f">
         <path>.\third_party\FreeRTOS\Source\</path>
         <kind>object</kind>
         <file>list.obj</file>
         <name>list.obj</name>
      </input_file>
      <input_file id="fl-10">
         <path>.\third_party\FreeRTOS\Source\</path>
         <kind>object</kind>
         <file>queue.obj</file>
         <name>queue.obj</name>
      </input_file>
      <input_file id="fl-11">
         <path>.\third_party\FreeRTOS\Source\</path>
         <kind>object</kind>
         <file>tasks.obj</file>
         <name>tasks.obj</name>
      </input_file>
      <input_file id="fl-12">
         <path>.\third_party\FreeRTOS\Source\</path>
         <kind>object</kind>
         <file>timers.obj</file>
         <name>timers.obj</name>
      </input_file>
      <input_file id="fl-13">
         <path>.\third_party\FreeRTOS\Source\portable\CCS\ARM_CM4F\</path>
         <kind>object</kind>
         <file>port.obj</file>
         <name>port.obj</name>
      </input_file>
      <input_file id="fl-14">
         <path>.\third_party\FreeRTOS\Source\portable\CCS\ARM_CM4F\</path>
         <kind>object</kind>
         <file>portasm.obj</file>
         <name>portasm.obj</name>
      </input_file>
      <input_file id="fl-15">
         <path>.\third_party\FreeRTOS\Source\portable\MemMang\</path>
         <kind>object</kind>
         <file>heap_2.obj</file>
         <name>heap_2.obj</name>
      </input_file>
      <input_file id="fl-16">
         <path>.\third_party\lwip-1.4.1\apps\httpserver_raw\</path>
         <kind>object</kind>
         <file>httpd.obj</file>
         <name>httpd.obj</name>
      </input_file>
      <input_file id="fl-17">
         <path>.\utils\</path>
         <kind>object</kind>
         <file>locator.obj</file>
         <name>locator.obj</name>
      </input_file>
      <input_file id="fl-18">
         <path>.\utils\</path>
         <kind>object</kind>
         <file>lwiplib.obj</file>
         <name>lwiplib.obj</name>
      </input_file>
      <input_file id="fl-19">
         <path>.\utils\</path>
         <kind>object</kind>
         <file>ustdlib.obj</file>
         <name>ustdlib.obj</name>
      </input_file>
      <input_file id="fl-1f">
         <kind>object</kind>
         <file>&lt;internal&gt;</file>
         <name>&lt;internal&gt;</name>
      </input_file>
      <input_file id="fl-d5">
         <path>C:\ti\ccsv8\ccsv8\tools\compiler\ti-cgt-arm_18.1.3.LTS\lib\</path>
         <kind>archive</kind>
         <file>rtsv7M4_T_le_v4SPD16_eabi.lib</file>
         <name>memset_t2.asm.obj</name>
      </input_file>
      <input_file id="fl-d6">
         <path>C:\ti\ccsv8\ccsv8\tools\compiler\ti-cgt-arm_18.1.3.LTS\lib\</path>
         <kind>archive</kind>
         <file>rtsv7M4_T_le_v4SPD16_eabi.lib</file>
         <name>u_divt2.asm.obj</name>
      </input_file>
      <input_file id="fl-d7">
         <path>C:\ti\ccsv8\ccsv8\tools\compiler\ti-cgt-arm_18.1.3.LTS\lib\</path>
         <kind>archive</kind>
         <file>rtsv7M4_T_le_v4SPD16_eabi.lib</file>
         <name>fd_add_t2.asm.obj</name>
      </input_file>
      <input_file id="fl-d8">
         <path>C:\ti\ccsv8\ccsv8\tools\compiler\ti-cgt-arm_18.1.3.LTS\lib\</path>
         <kind>archive</kind>
         <file>rtsv7M4_T_le_v4SPD16_eabi.lib</file>
         <name>fd_mul_t2.asm.obj</name>
      </input_file>
      <input_file id="fl-d9">
         <path>C:\ti\ccsv8\ccsv8\tools\compiler\ti-cgt-arm_18.1.3.LTS\lib\</path>
         <kind>archive</kind>
         <file>rtsv7M4_T_le_v4SPD16_eabi.lib</file>
         <name>fd_tos_t2.asm.obj</name>
      </input_file>
      <input_file id="fl-da">
         <path>C:\ti\ccsv8\ccsv8\tools\compiler\ti-cgt-arm_18.1.3.LTS\lib\</path>
         <kind>archive</kind>
         <file>rtsv7M4_T_le_v4SPD16_eabi.lib</file>
         <name>fs_tod_t2.asm.obj</name>
      </input_file>
      <input_file id="fl-db">
         <path>C:\ti\ccsv8\ccsv8\tools\compiler\ti-cgt-arm_18.1.3.LTS\lib\</path>
         <kind>archive</kind>
         <file>rtsv7M4_T_le_v4SPD16_eabi.lib</file>
         <name>memcpy_t2.asm.obj</name>
      </input_file>
      <input_file id="fl-dc">
         <path>C:\ti\ccsv8\ccsv8\tools\compiler\ti-cgt-arm_18.1.3.LTS\lib\</path>
         <kind>archive</kind>
         <file>rtsv7M4_T_le_v4SPD16_eabi.lib</file>
         <name>u_tofd_t2.asm.obj</name>
      </input_file>
      <input_file id="fl-dd">
         <path>C:\ti\ccsv8\ccsv8\tools\compiler\ti-cgt-arm_18.1.3.LTS\lib\</path>
         <kind>archive</kind>
         <file>rtsv7M4_T_le_v4SPD16_eabi.lib</file>
         <name>copy_zero_init.c.obj</name>
      </input_file>
      <input_file id="fl-de">
         <path>C:\ti\ccsv8\ccsv8\tools\compiler\ti-cgt-arm_18.1.3.LTS\lib\</path>
         <kind>archive</kind>
         <file>rtsv7M4_T_le_v4SPD16_eabi.lib</file>
         <name>copy_decompress_none.c.obj</name>
      </input_file>
      <input_file id="fl-df">
         <path>C:\ti\ccsv8\ccsv8\tools\compiler\ti-cgt-arm_18.1.3.LTS\lib\</path>
         <kind>archive</kind>
         <file>rtsv7M4_T_le_v4SPD16_eabi.lib</file>
         <name>copy_decompress_lzss.c.obj</name>
      </input_file>
      <input_file id="fl-e0">
         <path>C:\ti\ccsv8\ccsv8\tools\compiler\ti-cgt-arm_18.1.3.LTS\lib\</path>
         <kind>archive</kind>
         <file>rtsv7M4_T_le_v4SPD16_eabi.lib</file>
         <name>memcmp.c.obj</name>
      </input_file>
      <input_file id="fl-e1">
         <path>C:\ti\ccsv8\ccsv8\tools\compiler\ti-cgt-arm_18.1.3.LTS\lib\</path>
         <kind>archive</kind>
         <file>rtsv7M4_T_le_v4SPD16_eabi.lib</file>
         <name>sprintf.c.obj</name>
      </input_file>
      <input_file id="fl-e2">
         <path>C:\ti\ccsv8\ccsv8\tools\compiler\ti-cgt-arm_18.1.3.LTS\lib\</path>
         <kind>archive</kind>
         <file>rtsv7M4_T_le_v4SPD16_eabi.lib</file>
         <name>strchr.c.obj</name>
      </input_file>
      <input_file id="fl-e3">
         <path>C:\ti\ccsv8\ccsv8\tools\compiler\ti-cgt-arm_18.1.3.LTS\lib\</path>
         <kind>archive</kind>
         <file>rtsv7M4_T_le_v4SPD16_eabi.lib</file>
         <name>strcmp.c.obj</name>
      </input_file>
      <input_file id="fl-e4">
         <path>C:\ti\ccsv8\ccsv8\tools\compiler\ti-cgt-arm_18.1.3.LTS\lib\</path>
         <kind>archive</kind>
         <file>rtsv7M4_T_le_v4SPD16_eabi.lib</file>
         <name>strlen.c.obj</name>
      </input_file>
      <input_file id="fl-e5">
         <path>C:\ti\ccsv8\ccsv8\tools\compiler\ti-cgt-arm_18.1.3.LTS\lib\</path>
         <kind>archive</kind>
         <file>rtsv7M4_T_le_v4SPD16_eabi.lib</file>
         <name>strncmp.c.obj</name>
      </input_file>
      <input_file id="fl-e6">
         <path>C:\ti\ccsv8\ccsv8\tools\compiler\ti-cgt-arm_18.1.3.LTS\lib\</path>
         <kind>archive</kind>
         <file>rtsv7M4_T_le_v4SPD16_eabi.lib</file>
         <name>strstr.c.obj</name>
      </input_file>
      <input_file id="fl-e7">
         <path>C:\ti\ccsv8\ccsv8\tools\compiler\ti-cgt-arm_18.1.3.LTS\lib\</path>
         <kind>archive</kind>
         <file>rtsv7M4_T_le_v4SPD16_eabi.lib</file>
         <name>boot_cortex_m.c.obj</name>
      </input_file>
      <input_file id="fl-e8">
         <path>C:\ti\ccsv8\ccsv8\tools\compiler\ti-cgt-arm_18.1.3.LTS\lib\</path>
         <kind>archive</kind>
         <file>rtsv7M4_T_le_v4SPD16_eabi.lib</file>
         <name>div0.asm.obj</name>
      </input_file>
      <input_file id="fl-e9">
         <path>C:\ti\ccsv8\ccsv8\tools\compiler\ti-cgt-arm_18.1.3.LTS\lib\</path>
         <kind>archive</kind>
         <file>rtsv7M4_T_le_v4SPD16_eabi.lib</file>
         <name>autoinit.c.obj</name>
      </input_file>
      <input_file id="fl-ea">
         <path>C:\ti\ccsv8\ccsv8\tools\compiler\ti-cgt-arm_18.1.3.LTS\lib\</path>
         <kind>archive</kind>
         <file>rtsv7M4_T_le_v4SPD16_eabi.lib</file>
         <name>pre_init.c.obj</name>
      </input_file>
      <input_file id="fl-eb">
         <path>C:\ti\ccsv8\ccsv8\tools\compiler\ti-cgt-arm_18.1.3.LTS\lib\</path>
         <kind>archive</kind>
         <file>rtsv7M4_T_le_v4SPD16_eabi.lib</file>
         <name>cpy_tbl.c.obj</name>
      </input_file>
      <input_file id="fl-ec">
         <path>C:\ti\ccsv8\ccsv8\tools\compiler\ti-cgt-arm_18.1.3.LTS\lib\</path>
         <kind>archive</kind>
         <file>rtsv7M4_T_le_v4SPD16_eabi.lib</file>
         <name>exit.c.obj</name>
      </input_file>
      <input_file id="fl-ed">
         <path>C:\ti\ccsv8\ccsv8\tools\compiler\ti-cgt-arm_18.1.3.LTS\lib\</path>
         <kind>archive</kind>
         <file>rtsv7M4_T_le_v4SPD16_eabi.lib</file>
         <name>_lock.c.obj</name>
      </input_file>
      <input_file id="fl-ee">
         <path>C:\ti\ccsv8\ccsv8\tools\compiler\ti-cgt-arm_18.1.3.LTS\lib\</path>
         <kind>archive</kind>
         <file>rtsv7M4_T_le_v4SPD16_eabi.lib</file>
         <name>_printfi.c.obj</name>
      </input_file>
      <input_file id="fl-ef">
         <path>C:\ti\ccsv8\ccsv8\tools\compiler\ti-cgt-arm_18.1.3.LTS\lib\</path>
         <kind>archive</kind>
         <file>rtsv7M4_T_le_v4SPD16_eabi.lib</file>
         <name>args_main.c.obj</name>
      </input_file>
      <input_file id="fl-f0">
         <path>C:\ti\ccsv8\ccsv8\tools\compiler\ti-cgt-arm_18.1.3.LTS\lib\</path>
         <kind>archive</kind>
         <file>rtsv7M4_T_le_v4SPD16_eabi.lib</file>
         <name>atoi.c.obj</name>
      </input_file>
      <input_file id="fl-f1">
         <path>C:\ti\ccsv8\ccsv8\tools\compiler\ti-cgt-arm_18.1.3.LTS\lib\</path>
         <kind>archive</kind>
         <file>rtsv7M4_T_le_v4SPD16_eabi.lib</file>
         <name>ctype.c.obj</name>
      </input_file>
      <input_file id="fl-f2">
         <path>C:\ti\ccsv8\ccsv8\tools\compiler\ti-cgt-arm_18.1.3.LTS\lib\</path>
         <kind>archive</kind>
         <file>rtsv7M4_T_le_v4SPD16_eabi.lib</file>
         <name>ltoa.c.obj</name>
      </input_file>
      <input_file id="fl-f3">
         <path>C:\ti\ccsv8\ccsv8\tools\compiler\ti-cgt-arm_18.1.3.LTS\lib\</path>
         <kind>archive</kind>
         <file>rtsv7M4_T_le_v4SPD16_eabi.lib</file>
         <name>memccpy.c.obj</name>
      </input_file>
      <input_file id="fl-f4">
         <path>C:\ti\ccsv8\ccsv8\tools\compiler\ti-cgt-arm_18.1.3.LTS\lib\</path>
         <kind>archive</kind>
         <file>rtsv7M4_T_le_v4SPD16_eabi.lib</file>
         <name>errno.c.obj</name>
      </input_file>
      <input_file id="fl-f5">
         <path>C:\ti\ccsv8\ccsv8\tools\compiler\ti-cgt-arm_18.1.3.LTS\lib\</path>
         <kind>archive</kind>
         <file>rtsv7M4_T_le_v4SPD16_eabi.lib</file>
         <name>s_frexp.c.obj</name>
      </input_file>
      <input_file id="fl-f6">
         <path>C:\ti\ccsv8\ccsv8\tools\compiler\ti-cgt-arm_18.1.3.LTS\lib\</path>
         <kind>archive</kind>
         <file>rtsv7M4_T_le_v4SPD16_eabi.lib</file>
         <name>s_scalbn.c.obj</name>
      </input_file>
      <input_file id="fl-f7">
         <path>C:\ti\ccsv8\ccsv8\tools\compiler\ti-cgt-arm_18.1.3.LTS\lib\</path>
         <kind>archive</kind>
         <file>rtsv7M4_T_le_v4SPD16_eabi.lib</file>
         <name>wcslen.c.obj</name>
      </input_file>
      <input_file id="fl-f8">
         <path>C:\ti\ccsv8\ccsv8\tools\compiler\ti-cgt-arm_18.1.3.LTS\lib\</path>
         <kind>archive</kind>
         <file>rtsv7M4_T_le_v4SPD16_eabi.lib</file>
         <name>s_copysign.c.obj</name>
      </input_file>
      <input_file id="fl-f9">
         <path>C:\ti\ccsv8\ccsv8\tools\compiler\ti-cgt-arm_18.1.3.LTS\lib\</path>
         <kind>archive</kind>
         <file>rtsv7M4_T_le_v4SPD16_eabi.lib</file>
         <name>ull_div_t2.asm.obj</name>
      </input_file>
      <input_file id="fl-fa">
         <path>C:\ti\ccsv8\ccsv8\tools\compiler\ti-cgt-arm_18.1.3.LTS\lib\</path>
         <kind>archive</kind>
         <file>rtsv7M4_T_le_v4SPD16_eabi.lib</file>
         <name>fd_cmp_t2.asm.obj</name>
      </input_file>
      <input_file id="fl-fb">
         <path>C:\ti\ccsv8\ccsv8\tools\compiler\ti-cgt-arm_18.1.3.LTS\lib\</path>
         <kind>archive</kind>
         <file>rtsv7M4_T_le_v4SPD16_eabi.lib</file>
         <name>fd_div_t2.asm.obj</name>
      </input_file>
      <input_file id="fl-fc">
         <path>C:\ti\ccsv8\ccsv8\tools\compiler\ti-cgt-arm_18.1.3.LTS\lib\</path>
         <kind>archive</kind>
         <file>rtsv7M4_T_le_v4SPD16_eabi.lib</file>
         <name>fd_toi_t2.asm.obj</name>
      </input_file>
      <input_file id="fl-fd">
         <path>C:\ti\ccsv8\ccsv8\tools\compiler\ti-cgt-arm_18.1.3.LTS\lib\</path>
         <kind>archive</kind>
         <file>rtsv7M4_T_le_v4SPD16_eabi.lib</file>
         <name>i_tofd_t2.asm.obj</name>
      </input_file>
      <input_file id="fl-fe">
         <path>C:\ti\TivaWare_C_Series-2.1.4.178\driverlib\ccs\Debug\</path>
         <kind>archive</kind>
         <file>driverlib.lib</file>
         <name>emac.obj</name>
      </input_file>
      <input_file id="fl-ff">
         <path>C:\ti\TivaWare_C_Series-2.1.4.178\driverlib\ccs\Debug\</path>
         <kind>archive</kind>
         <file>driverlib.lib</file>
         <name>gpio.obj</name>
      </input_file>
      <input_file id="fl-100">
         <path>C:\ti\TivaWare_C_Series-2.1.4.178\driverlib\ccs\Debug\</path>
         <kind>archive</kind>
         <file>driverlib.lib</file>
         <name>i2c.obj</name>
      </input_file>
      <input_file id="fl-101">
         <path>C:\ti\TivaWare_C_Series-2.1.4.178\driverlib\ccs\Debug\</path>
         <kind>archive</kind>
         <file>driverlib.lib</file>
         <name>interrupt.obj</name>
      </input_file>
      <input_file id="fl-102">
         <path>C:\ti\TivaWare_C_Series-2.1.4.178\driverlib\ccs\Debug\</path>
         <kind>archive</kind>
         <file>driverlib.lib</file>
         <name>lcd.obj</name>
      </input_file>
      <input_file id="fl-103">
         <path>C:\ti\TivaWare_C_Series-2.1.4.178\driverlib\ccs\Debug\</path>
         <kind>archive</kind>
         <file>driverlib.lib</file>
         <name>sw_crc.obj</name>
      </input_file>
      <input_file id="fl-104">
         <path>C:\ti\TivaWare_C_Series-2.1.4.178\driverlib\ccs\Debug\</path>
         <kind>archive</kind>
         <file>driverlib.lib</file>
         <name>sysctl.obj</name>
      </input_file>
      <input_file id="fl-105">
         <path>C:\ti\TivaWare_C_Series-2.1.4.178\driverlib\ccs\Debug\</path>
         <kind>archive</kind>
         <file>driverlib.lib</file>
         <name>timer.obj</name>
      </input_file>
      <input_file id="fl-106">
         <path>C:\ti\TivaWare_C_Series-2.1.4.178\driverlib\ccs\Debug\</path>
         <kind>archive</kind>
         <file>driverlib.lib</file>
         <name>uart.obj</name>
      </input_file>
      <input_file id="fl-107">
         <path>C:\ti\TivaWare_C_Series-2.1.4.178\driverlib\ccs\Debug\</path>
         <kind>archive</kind>
         <file>driverlib.lib</file>
         <name>cpu.obj</name>
      </input_file>
      <input_file id="fl-108">
         <path>C:\ti\TivaWare_C_Series-2.1.4.178\grlib\ccs\Debug\</path>
         <kind>archive</kind>
         <file>grlib.lib</file>
         <name>context.obj</name>
      </input_file>
      <input_file id="fl-109">
         <path>C:\ti\TivaWare_C_Series-2.1.4.178\grlib\ccs\Debug\</path>
         <kind>archive</kind>
         <file>grlib.lib</file>
         <name>image.obj</name>
      </input_file>
      <input_file id="fl-10a">
         <path>C:\ti\TivaWare_C_Series-2.1.4.178\grlib\ccs\Debug\</path>
         <kind>archive</kind>
         <file>grlib.lib</file>
         <name>string.obj</name>
      </input_file>
      <input_file id="fl-10b">
         <path>C:\ti\TivaWare_C_Series-2.1.4.178\grlib\ccs\Debug\</path>
         <kind>archive</kind>
         <file>grlib.lib</file>
         <name>fontcm20.obj</name>
      </input_file>
      <input_file id="fl-10c">
         <path>C:\ti\TivaWare_C_Series-2.1.4.178\grlib\ccs\Debug\</path>
         <kind>archive</kind>
         <file>grlib.lib</file>
         <name>fontcmss18b.obj</name>
      </input_file>
      <input_file id="fl-10d">
         <path>C:\ti\TivaWare_C_Series-2.1.4.178\grlib\ccs\Debug\</path>
         <kind>archive</kind>
         <file>grlib.lib</file>
         <name>charmap.obj</name>
      </input_file>
   </input_file_list>
   <object_component_list>
      <object_component id="oc-f">
         <name>.intvecs</name>
         <load_address>0x0</load_address>
         <run_address>0x0</run_address>
         <size>0x200</size>
         <input_file_ref idref="fl-8"/>
      </object_component>
      <object_component id="oc-5cf">
         <name>.text:__TI_printfi</name>
         <load_address>0x200</load_address>
         <run_address>0x200</run_address>
         <size>0xa5e</size>
         <input_file_ref idref="fl-ee"/>
      </object_component>
      <object_component id="oc-30">
         <name>.text:FaultISR</name>
         <load_address>0xc5e</load_address>
         <run_address>0xc5e</run_address>
         <size>0x2</size>
         <input_file_ref idref="fl-8"/>
      </object_component>
      <object_component id="oc-6f7">
         <name>.text:_pconv_a</name>
         <load_address>0xc60</load_address>
         <run_address>0xc60</run_address>
         <size>0x270</size>
         <input_file_ref idref="fl-ee"/>
      </object_component>
      <object_component id="oc-604">
         <name>.text:GrFontGlyphRender</name>
         <load_address>0xed0</load_address>
         <run_address>0xed0</run_address>
         <size>0x254</size>
         <input_file_ref idref="fl-10a"/>
      </object_component>
      <object_component id="oc-237">
         <name>.text:SysCtlClockFreqSet</name>
         <load_address>0x1124</load_address>
         <run_address>0x1124</run_address>
         <size>0x200</size>
         <input_file_ref idref="fl-104"/>
      </object_component>
      <object_component id="oc-368">
         <name>.text:UARTvprintf</name>
         <load_address>0x1324</load_address>
         <run_address>0x1324</run_address>
         <size>0x1ea</size>
         <input_file_ref idref="fl-7"/>
      </object_component>
      <object_component id="oc-36">
         <name>.text:IntDefaultHandler</name>
         <load_address>0x150e</load_address>
         <run_address>0x150e</run_address>
         <size>0x2</size>
         <input_file_ref idref="fl-8"/>
      </object_component>
      <object_component id="oc-6e5">
         <name>.text:_pconv_g</name>
         <load_address>0x1510</load_address>
         <run_address>0x1510</run_address>
         <size>0x1d0</size>
         <input_file_ref idref="fl-ee"/>
      </object_component>
      <object_component id="oc-470">
         <name>.text:Kentec320x240x16_SSD2119PixelDrawMultiple</name>
         <load_address>0x16e0</load_address>
         <run_address>0x16e0</run_address>
         <size>0x1cc</size>
         <input_file_ref idref="fl-b"/>
      </object_component>
      <object_component id="oc-10a">
         <name>.text:main</name>
         <load_address>0x18ac</load_address>
         <run_address>0x18ac</run_address>
         <size>0x1c4</size>
         <input_file_ref idref="fl-7"/>
      </object_component>
      <object_component id="oc-5a1">
         <name>.text</name>
         <load_address>0x1a70</load_address>
         <run_address>0x1a70</run_address>
         <size>0x1b6</size>
         <input_file_ref idref="fl-d7"/>
      </object_component>
      <object_component id="oc-48e">
         <name>.text:Kentec320x240x16_SSD2119Flush</name>
         <load_address>0x1c26</load_address>
         <run_address>0x1c26</run_address>
         <size>0x2</size>
         <input_file_ref idref="fl-b"/>
      </object_component>
      <object_component id="oc-482">
         <name>.text:Kentec320x240x16_SSD2119RectFill</name>
         <load_address>0x1c28</load_address>
         <run_address>0x1c28</run_address>
         <size>0x194</size>
         <input_file_ref idref="fl-b"/>
      </object_component>
      <object_component id="oc-ab">
         <name>.text:TouchScreenDebouncer</name>
         <load_address>0x1dbc</load_address>
         <run_address>0x1dbc</run_address>
         <size>0x180</size>
         <input_file_ref idref="fl-d"/>
      </object_component>
      <object_component id="oc-47">
         <name>.text:TouchScreenIntHandler</name>
         <load_address>0x1f3c</load_address>
         <run_address>0x1f3c</run_address>
         <size>0x140</size>
         <input_file_ref idref="fl-d"/>
      </object_component>
      <object_component id="oc-6f1">
         <name>.text:_pconv_e</name>
         <load_address>0x207c</load_address>
         <run_address>0x207c</run_address>
         <size>0x13c</size>
         <input_file_ref idref="fl-ee"/>
      </object_component>
      <object_component id="oc-750">
         <name>.text</name>
         <load_address>0x21b8</load_address>
         <run_address>0x21b8</run_address>
         <size>0x136</size>
         <input_file_ref idref="fl-fb"/>
      </object_component>
      <object_component id="oc-4e4">
         <name>.text:GPIOPadConfigSet</name>
         <load_address>0x22ee</load_address>
         <run_address>0x22ee</run_address>
         <size>0x132</size>
         <input_file_ref idref="fl-ff"/>
      </object_component>
      <object_component id="oc-27d">
         <name>.text:_log_handler</name>
         <load_address>0x2420</load_address>
         <run_address>0x2420</run_address>
         <size>0x128</size>
         <input_file_ref idref="fl-6"/>
      </object_component>
      <object_component id="oc-777">
         <name>.text:fcvt</name>
         <load_address>0x2548</load_address>
         <run_address>0x2548</run_address>
         <size>0x120</size>
         <input_file_ref idref="fl-ee"/>
      </object_component>
      <object_component id="oc-401">
         <name>.text:xQueueGenericReceive</name>
         <load_address>0x2668</load_address>
         <run_address>0x2668</run_address>
         <size>0x118</size>
         <input_file_ref idref="fl-10"/>
      </object_component>
      <object_component id="oc-78b">
         <name>.text:scalbn</name>
         <load_address>0x2780</load_address>
         <run_address>0x2780</run_address>
         <size>0x110</size>
         <input_file_ref idref="fl-f6"/>
      </object_component>
      <object_component id="oc-a4">
         <name>.text:xTaskIncrementTick</name>
         <load_address>0x2890</load_address>
         <run_address>0x2890</run_address>
         <size>0x104</size>
         <input_file_ref idref="fl-11"/>
      </object_component>
      <object_component id="oc-25b">
         <name>.text:xTaskGenericCreate</name>
         <load_address>0x2994</load_address>
         <run_address>0x2994</run_address>
         <size>0x100</size>
         <input_file_ref idref="fl-11"/>
      </object_component>
      <object_component id="oc-59c">
         <name>.text</name>
         <load_address>0x2a94</load_address>
         <run_address>0x2a94</run_address>
         <size>0xfc</size>
         <input_file_ref idref="fl-d8"/>
      </object_component>
      <object_component id="oc-3dc">
         <name>.text:xQueueGenericSend</name>
         <load_address>0x2b90</load_address>
         <run_address>0x2b90</run_address>
         <size>0xe8</size>
         <input_file_ref idref="fl-10"/>
      </object_component>
      <object_component id="oc-51d">
         <name>.text:xTaskResumeAll</name>
         <load_address>0x2c78</load_address>
         <run_address>0x2c78</run_address>
         <size>0xe4</size>
         <input_file_ref idref="fl-11"/>
      </object_component>
      <object_component id="oc-3c">
         <name>.text</name>
         <load_address>0x2d5c</load_address>
         <run_address>0x2d5c</run_address>
         <size>0xd2</size>
         <input_file_ref idref="fl-14"/>
      </object_component>
      <object_component id="oc-2a">
         <name>.text:NmiSR</name>
         <load_address>0x2e2e</load_address>
         <run_address>0x2e2e</run_address>
         <size>0x2</size>
         <input_file_ref idref="fl-8"/>
      </object_component>
      <object_component id="oc-408">
         <name>.text:xTaskNotifyWait</name>
         <load_address>0x2e30</load_address>
         <run_address>0x2e30</run_address>
         <size>0xc8</size>
         <input_file_ref idref="fl-11"/>
      </object_component>
      <object_component id="oc-43f">
         <name>.text:GrDefaultStringRenderer</name>
         <load_address>0x2ef8</load_address>
         <run_address>0x2ef8</run_address>
         <size>0xc0</size>
         <input_file_ref idref="fl-10a"/>
      </object_component>
      <object_component id="oc-6da">
         <name>.text:_ltostr</name>
         <load_address>0x2fb8</load_address>
         <run_address>0x2fb8</run_address>
         <size>0xb1</size>
         <input_file_ref idref="fl-ee"/>
      </object_component>
      <object_component id="oc-663">
         <name>.text</name>
         <load_address>0x306a</load_address>
         <run_address>0x306a</run_address>
         <size>0x2</size>
         <input_file_ref idref="fl-e8"/>
      </object_component>
      <object_component id="oc-476">
         <name>.text:Kentec320x240x16_SSD2119LineDrawH</name>
         <load_address>0x306c</load_address>
         <run_address>0x306c</run_address>
         <size>0xb0</size>
         <input_file_ref idref="fl-b"/>
      </object_component>
      <object_component id="oc-47c">
         <name>.text:Kentec320x240x16_SSD2119LineDrawV</name>
         <load_address>0x311c</load_address>
         <run_address>0x311c</run_address>
         <size>0xb0</size>
         <input_file_ref idref="fl-b"/>
      </object_component>
      <object_component id="oc-4d">
         <name>.text:lwIPEthernetIntHandler</name>
         <load_address>0x31cc</load_address>
         <run_address>0x31cc</run_address>
         <size>0xb0</size>
         <input_file_ref idref="fl-18"/>
      </object_component>
      <object_component id="oc-277">
         <name>.text:_led_handler</name>
         <load_address>0x327c</load_address>
         <run_address>0x327c</run_address>
         <size>0xac</size>
         <input_file_ref idref="fl-5"/>
      </object_component>
      <object_component id="oc-38f">
         <name>.text:pvPortMalloc</name>
         <load_address>0x3328</load_address>
         <run_address>0x3328</run_address>
         <size>0xac</size>
         <input_file_ref idref="fl-15"/>
      </object_component>
      <object_component id="oc-3e8">
         <name>.text:read_temperature</name>
         <load_address>0x33d4</load_address>
         <run_address>0x33d4</run_address>
         <size>0xac</size>
         <input_file_ref idref="fl-9"/>
      </object_component>
      <object_component id="oc-3ee">
         <name>.text:xTaskGenericNotify</name>
         <load_address>0x3480</load_address>
         <run_address>0x3480</run_address>
         <size>0xac</size>
         <input_file_ref idref="fl-11"/>
      </object_component>
      <object_component id="oc-127">
         <name>.text:vApplicationStackOverflowHook</name>
         <load_address>0x352c</load_address>
         <run_address>0x352c</run_address>
         <size>0xa0</size>
         <input_file_ref idref="fl-7"/>
      </object_component>
      <object_component id="oc-61">
         <name>.text</name>
         <load_address>0x35cc</load_address>
         <run_address>0x35cc</run_address>
         <size>0x9c</size>
         <input_file_ref idref="fl-db"/>
      </object_component>
      <object_component id="oc-591">
         <name>.text:I2CGet2Byte</name>
         <load_address>0x3668</load_address>
         <run_address>0x3668</run_address>
         <size>0x98</size>
         <input_file_ref idref="fl-4"/>
      </object_component>
      <object_component id="oc-749">
         <name>.text</name>
         <load_address>0x3700</load_address>
         <run_address>0x3700</run_address>
         <size>0x96</size>
         <input_file_ref idref="fl-f9"/>
      </object_component>
      <object_component id="oc-5b9">
         <name>.text:vTaskPriorityInherit</name>
         <load_address>0x3798</load_address>
         <run_address>0x3798</run_address>
         <size>0x90</size>
         <input_file_ref idref="fl-11"/>
      </object_component>
      <object_component id="oc-9d">
         <name>.text:vTaskSwitchContext</name>
         <load_address>0x3828</load_address>
         <run_address>0x3828</run_address>
         <size>0x8c</size>
         <input_file_ref idref="fl-11"/>
      </object_component>
      <object_component id="oc-6e0">
         <name>.text:__aeabi_cdcmple</name>
         <load_address>0x38b4</load_address>
         <run_address>0x38b4</run_address>
         <size>0x86</size>
         <input_file_ref idref="fl-fa"/>
      </object_component>
      <object_component id="oc-755">
         <name>.text:__aeabi_cdrcmple</name>
         <load_address>0x393a</load_address>
         <run_address>0x393a</run_address>
         <size>0x86</size>
         <input_file_ref idref="fl-fa"/>
      </object_component>
      <object_component id="oc-271">
         <name>.text:_temperature_handler</name>
         <load_address>0x39c0</load_address>
         <run_address>0x39c0</run_address>
         <size>0x84</size>
         <input_file_ref idref="fl-9"/>
      </object_component>
      <object_component id="oc-3e2">
         <name>.text:vTaskDelayUntil</name>
         <load_address>0x3a44</load_address>
         <run_address>0x3a44</run_address>
         <size>0x84</size>
         <input_file_ref idref="fl-11"/>
      </object_component>
      <object_component id="oc-395">
         <name>.text:xQueueGenericReset</name>
         <load_address>0x3ac8</load_address>
         <run_address>0x3ac8</run_address>
         <size>0x84</size>
         <input_file_ref idref="fl-10"/>
      </object_component>
      <object_component id="oc-284">
         <name>.text:_alert_handler</name>
         <load_address>0x3b4c</load_address>
         <run_address>0x3b4c</run_address>
         <size>0x80</size>
         <input_file_ref idref="fl-2"/>
      </object_component>
      <object_component id="oc-fe">
         <name>.text</name>
         <load_address>0x3bcc</load_address>
         <run_address>0x3bcc</run_address>
         <size>0x7a</size>
         <input_file_ref idref="fl-d5"/>
      </object_component>
      <object_component id="oc-46a">
         <name>.text:Kentec320x240x16_SSD2119PixelDraw</name>
         <load_address>0x3c48</load_address>
         <run_address>0x3c48</run_address>
         <size>0x78</size>
         <input_file_ref idref="fl-b"/>
      </object_component>
      <object_component id="oc-31b">
         <name>.text:xTaskPriorityDisinherit</name>
         <load_address>0x3cc0</load_address>
         <run_address>0x3cc0</run_address>
         <size>0x78</size>
         <input_file_ref idref="fl-11"/>
      </object_component>
      <object_component id="oc-16e">
         <name>.text:xTaskRemoveFromEventList</name>
         <load_address>0x3d38</load_address>
         <run_address>0x3d38</run_address>
         <size>0x74</size>
         <input_file_ref idref="fl-11"/>
      </object_component>
      <object_component id="oc-168">
         <name>.text:prvCopyDataToQueue</name>
         <load_address>0x3dac</load_address>
         <run_address>0x3dac</run_address>
         <size>0x72</size>
         <input_file_ref idref="fl-10"/>
      </object_component>
      <object_component id="oc-770">
         <name>.text:_mcpy</name>
         <load_address>0x3e1e</load_address>
         <run_address>0x3e1e</run_address>
         <size>0x6e</size>
         <input_file_ref idref="fl-ee"/>
      </object_component>
      <object_component id="oc-413">
         <name>.text</name>
         <load_address>0x3e8c</load_address>
         <run_address>0x3e8c</run_address>
         <size>0x6e</size>
         <input_file_ref idref="fl-d9"/>
      </object_component>
      <object_component id="oc-2dc">
         <name>.text:GrContextInit</name>
         <load_address>0x3efc</load_address>
         <run_address>0x3efc</run_address>
         <size>0x68</size>
         <input_file_ref idref="fl-108"/>
      </object_component>
      <object_component id="oc-2e8">
         <name>.text:GrStringWidthGet</name>
         <load_address>0x3f64</load_address>
         <run_address>0x3f64</run_address>
         <size>0x68</size>
         <input_file_ref idref="fl-10a"/>
      </object_component>
      <object_component id="oc-12">
         <name>.text:decompress:lzss:__TI_decompress_lzss</name>
         <load_address>0x3fcc</load_address>
         <run_address>0x3fcc</run_address>
         <size>0x68</size>
         <input_file_ref idref="fl-df"/>
      </object_component>
      <object_component id="oc-785">
         <name>.text:frexp</name>
         <load_address>0x4034</load_address>
         <run_address>0x4034</run_address>
         <size>0x64</size>
         <input_file_ref idref="fl-f5"/>
      </object_component>
      <object_component id="oc-583">
         <name>.text:vTaskPlaceOnEventList</name>
         <load_address>0x4098</load_address>
         <run_address>0x4098</run_address>
         <size>0x64</size>
         <input_file_ref idref="fl-11"/>
      </object_component>
      <object_component id="oc-577">
         <name>.text:prvUnlockQueue</name>
         <load_address>0x40fc</load_address>
         <run_address>0x40fc</run_address>
         <size>0x62</size>
         <input_file_ref idref="fl-10"/>
      </object_component>
      <object_component id="oc-361">
         <name>.text:UARTStdioConfig</name>
         <load_address>0x4160</load_address>
         <run_address>0x4160</run_address>
         <size>0x60</size>
         <input_file_ref idref="fl-7"/>
      </object_component>
      <object_component id="oc-3b4">
         <name>.text:prvInitialiseTaskLists</name>
         <load_address>0x41c0</load_address>
         <run_address>0x41c0</run_address>
         <size>0x60</size>
         <input_file_ref idref="fl-11"/>
      </object_component>
      <object_component id="oc-261">
         <name>.text:vTaskStartScheduler</name>
         <load_address>0x4220</load_address>
         <run_address>0x4220</run_address>
         <size>0x60</size>
         <input_file_ref idref="fl-11"/>
      </object_component>
      <object_component id="oc-cb">
         <name>.text:xQueueGenericSendFromISR</name>
         <load_address>0x4280</load_address>
         <run_address>0x4280</run_address>
         <size>0x5c</size>
         <input_file_ref idref="fl-10"/>
      </object_component>
      <object_component id="oc-624">
         <name>.text:FontWideGlyphDataGet</name>
         <load_address>0x42dc</load_address>
         <run_address>0x42dc</run_address>
         <size>0x5a</size>
         <input_file_ref idref="fl-10a"/>
      </object_component>
      <object_component id="oc-563">
         <name>.text:prvCheckTasksWaitingTermination</name>
         <load_address>0x4338</load_address>
         <run_address>0x4338</run_address>
         <size>0x58</size>
         <input_file_ref idref="fl-11"/>
      </object_component>
      <object_component id="oc-6eb">
         <name>.text:_pconv_f</name>
         <load_address>0x4390</load_address>
         <run_address>0x4390</run_address>
         <size>0x56</size>
         <input_file_ref idref="fl-ee"/>
      </object_component>
      <object_component id="oc-3a2">
         <name>.text:prvInitialiseTCBVariables</name>
         <load_address>0x43e6</load_address>
         <run_address>0x43e6</run_address>
         <size>0x56</size>
         <input_file_ref idref="fl-11"/>
      </object_component>
      <object_component id="oc-249">
         <name>.text:init_I2C</name>
         <load_address>0x443c</load_address>
         <run_address>0x443c</run_address>
         <size>0x54</size>
         <input_file_ref idref="fl-4"/>
      </object_component>
      <object_component id="oc-75f">
         <name>.text:ltoa</name>
         <load_address>0x4490</load_address>
         <run_address>0x4490</run_address>
         <size>0x54</size>
         <input_file_ref idref="fl-f2"/>
      </object_component>
      <object_component id="oc-571">
         <name>.text:xTaskCheckForTimeOut</name>
         <load_address>0x44e4</load_address>
         <run_address>0x44e4</run_address>
         <size>0x54</size>
         <input_file_ref idref="fl-11"/>
      </object_component>
      <object_component id="oc-76a">
         <name>.text:_ecpy</name>
         <load_address>0x4538</load_address>
         <run_address>0x4538</run_address>
         <size>0x52</size>
         <input_file_ref idref="fl-ee"/>
      </object_component>
      <object_component id="oc-380">
         <name>.text:I2CMasterInitExpClk</name>
         <load_address>0x458c</load_address>
         <run_address>0x458c</run_address>
         <size>0x4c</size>
         <input_file_ref idref="fl-100"/>
      </object_component>
      <object_component id="oc-23d">
         <name>.text:InitConsole</name>
         <load_address>0x45d8</load_address>
         <run_address>0x45d8</run_address>
         <size>0x4c</size>
         <input_file_ref idref="fl-7"/>
      </object_component>
      <object_component id="oc-6d4">
         <name>.text:atoi</name>
         <load_address>0x4624</load_address>
         <run_address>0x4624</run_address>
         <size>0x4c</size>
         <input_file_ref idref="fl-f0"/>
      </object_component>
      <object_component id="oc-58a">
         <name>.text:prvAddCurrentTaskToDelayedList</name>
         <load_address>0x4670</load_address>
         <run_address>0x4670</run_address>
         <size>0x4c</size>
         <input_file_ref idref="fl-11"/>
      </object_component>
      <object_component id="oc-44c">
         <name>.text:UpdateContextCharMapping</name>
         <load_address>0x46bc</load_address>
         <run_address>0x46bc</run_address>
         <size>0x4a</size>
         <input_file_ref idref="fl-10a"/>
      </object_component>
      <object_component id="oc-34f">
         <name>.text:GPIOPinConfigure</name>
         <load_address>0x4708</load_address>
         <run_address>0x4708</run_address>
         <size>0x48</size>
         <input_file_ref idref="fl-ff"/>
      </object_component>
      <object_component id="oc-4f8">
         <name>.text:UARTwrite</name>
         <load_address>0x4750</load_address>
         <run_address>0x4750</run_address>
         <size>0x48</size>
         <input_file_ref idref="fl-7"/>
      </object_component>
      <object_component id="oc-338">
         <name>.text:_SysCtlFrequencyGet</name>
         <load_address>0x4798</load_address>
         <run_address>0x4798</run_address>
         <size>0x48</size>
         <input_file_ref idref="fl-104"/>
      </object_component>
      <object_component id="oc-75a">
         <name>.text</name>
         <load_address>0x47e0</load_address>
         <run_address>0x47e0</run_address>
         <size>0x48</size>
         <input_file_ref idref="fl-fc"/>
      </object_component>
      <object_component id="oc-297">
         <name>.text:__TI_auto_init_nobinit_nopinit:__TI_auto_init_nobinit_nopinit</name>
         <load_address>0x4828</load_address>
         <run_address>0x4828</run_address>
         <size>0x44</size>
         <input_file_ref idref="fl-e9"/>
      </object_component>
      <object_component id="oc-535">
         <name>.text:vPortFree</name>
         <load_address>0x486c</load_address>
         <run_address>0x486c</run_address>
         <size>0x44</size>
         <input_file_ref idref="fl-15"/>
      </object_component>
      <object_component id="oc-4fe">
         <name>.text</name>
         <load_address>0x48b0</load_address>
         <run_address>0x48b0</run_address>
         <size>0x40</size>
         <input_file_ref idref="fl-d6"/>
      </object_component>
      <object_component id="oc-418">
         <name>.text:sprintf</name>
         <load_address>0x48f0</load_address>
         <run_address>0x48f0</run_address>
         <size>0x40</size>
         <input_file_ref idref="fl-e1"/>
      </object_component>
      <object_component id="oc-3c1">
         <name>.text:xPortStartScheduler</name>
         <load_address>0x4930</load_address>
         <run_address>0x4930</run_address>
         <size>0x40</size>
         <input_file_ref idref="fl-13"/>
      </object_component>
      <object_component id="oc-77d">
         <name>.text:_fcpy</name>
         <load_address>0x4970</load_address>
         <run_address>0x4970</run_address>
         <size>0x3e</size>
         <input_file_ref idref="fl-ee"/>
      </object_component>
      <object_component id="oc-255">
         <name>.text:xQueueGenericCreate</name>
         <load_address>0x49ae</load_address>
         <run_address>0x49ae</run_address>
         <size>0x3c</size>
         <input_file_ref idref="fl-10"/>
      </object_component>
      <object_component id="oc-62a">
         <name>.text:FontGlyphDataGet</name>
         <load_address>0x49ea</load_address>
         <run_address>0x49ea</run_address>
         <size>0x3a</size>
         <input_file_ref idref="fl-10a"/>
      </object_component>
      <object_component id="oc-39c">
         <name>.text:prvAllocateTCBAndStack</name>
         <load_address>0x4a24</load_address>
         <run_address>0x4a24</run_address>
         <size>0x3a</size>
         <input_file_ref idref="fl-11"/>
      </object_component>
      <object_component id="oc-7f">
         <name>.text:_c_int00_noargs:_c_int00_noargs</name>
         <load_address>0x4a60</load_address>
         <run_address>0x4a60</run_address>
         <size>0x38</size>
         <input_file_ref idref="fl-e7"/>
      </object_component>
      <object_component id="oc-597">
         <name>.text</name>
         <load_address>0x4a98</load_address>
         <run_address>0x4a98</run_address>
         <size>0x38</size>
         <input_file_ref idref="fl-da"/>
      </object_component>
      <object_component id="oc-69f">
         <name>.text:vListInsert</name>
         <load_address>0x4ad0</load_address>
         <run_address>0x4ad0</run_address>
         <size>0x38</size>
         <input_file_ref idref="fl-f"/>
      </object_component>
      <object_component id="oc-349">
         <name>.text:SysCtlPeripheralEnable</name>
         <load_address>0x4b08</load_address>
         <run_address>0x4b08</run_address>
         <size>0x34</size>
         <input_file_ref idref="fl-104"/>
      </object_component>
      <object_component id="oc-517">
         <name>.text:prvHeapInit</name>
         <load_address>0x4b3c</load_address>
         <run_address>0x4b3c</run_address>
         <size>0x30</size>
         <input_file_ref idref="fl-15"/>
      </object_component>
      <object_component id="oc-455">
         <name>.text:GrStringNextCharGet</name>
         <load_address>0x4b6c</load_address>
         <run_address>0x4b6c</run_address>
         <size>0x2e</size>
         <input_file_ref idref="fl-10a"/>
      </object_component>
      <object_component id="oc-765">
         <name>.text</name>
         <load_address>0x4b9a</load_address>
         <run_address>0x4b9a</run_address>
         <size>0x2e</size>
         <input_file_ref idref="fl-fd"/>
      </object_component>
      <object_component id="oc-b9">
         <name>.text:EMACIntStatus</name>
         <load_address>0x4bc8</load_address>
         <run_address>0x4bc8</run_address>
         <size>0x2c</size>
         <input_file_ref idref="fl-fe"/>
      </object_component>
      <object_component id="oc-2ee">
         <name>.text:GrFontBaselineGet</name>
         <load_address>0x4bf4</load_address>
         <run_address>0x4bf4</run_address>
         <size>0x2c</size>
         <input_file_ref idref="fl-10a"/>
      </object_component>
      <object_component id="oc-41">
         <name>.text:xPortSysTickHandler</name>
         <load_address>0x4c20</load_address>
         <run_address>0x4c20</run_address>
         <size>0x2c</size>
         <input_file_ref idref="fl-13"/>
      </object_component>
      <object_component id="oc-4de">
         <name>.text:GPIODirModeSet</name>
         <load_address>0x4c4c</load_address>
         <run_address>0x4c4c</run_address>
         <size>0x2a</size>
         <input_file_ref idref="fl-ff"/>
      </object_component>
      <object_component id="oc-131">
         <name>.text:prvResetNextTaskUnblockTime</name>
         <load_address>0x4c78</load_address>
         <run_address>0x4c78</run_address>
         <size>0x28</size>
         <input_file_ref idref="fl-11"/>
      </object_component>
      <object_component id="oc-3a8">
         <name>.text:pxPortInitialiseStack</name>
         <load_address>0x4ca0</load_address>
         <run_address>0x4ca0</run_address>
         <size>0x28</size>
         <input_file_ref idref="fl-13"/>
      </object_component>
      <object_component id="oc-461">
         <name>.text:GrFontInfoGet</name>
         <load_address>0x4cc8</load_address>
         <run_address>0x4cc8</run_address>
         <size>0x26</size>
         <input_file_ref idref="fl-10a"/>
      </object_component>
      <object_component id="oc-5bf">
         <name>.text:prvCopyDataFromQueue</name>
         <load_address>0x4cee</load_address>
         <run_address>0x4cee</run_address>
         <size>0x26</size>
         <input_file_ref idref="fl-10"/>
      </object_component>
      <object_component id="oc-45b">
         <name>.text:GrFontGlyphDataGet</name>
         <load_address>0x4d14</load_address>
         <run_address>0x4d14</run_address>
         <size>0x22</size>
         <input_file_ref idref="fl-10a"/>
      </object_component>
      <object_component id="oc-332">
         <name>.text:_SysCtlMemTimingGet</name>
         <load_address>0x4d38</load_address>
         <run_address>0x4d38</run_address>
         <size>0x20</size>
         <input_file_ref idref="fl-104"/>
      </object_component>
      <object_component id="oc-40e">
         <name>.text</name>
         <load_address>0x4d58</load_address>
         <run_address>0x4d58</run_address>
         <size>0x20</size>
         <input_file_ref idref="fl-dc"/>
      </object_component>
      <object_component id="oc-137">
         <name>.text:uxListRemove</name>
         <load_address>0x4d78</load_address>
         <run_address>0x4d78</run_address>
         <size>0x20</size>
         <input_file_ref idref="fl-f"/>
      </object_component>
      <object_component id="oc-61a">
         <name>.text:GrFontCodepageGet</name>
         <load_address>0x4d98</load_address>
         <run_address>0x4d98</run_address>
         <size>0x1e</size>
         <input_file_ref idref="fl-10a"/>
      </object_component>
      <object_component id="oc-24f">
         <name>.text:init_led</name>
         <load_address>0x4db8</load_address>
         <run_address>0x4db8</run_address>
         <size>0x1c</size>
         <input_file_ref idref="fl-5"/>
      </object_component>
      <object_component id="oc-6fd">
         <name>.text:memccpy</name>
         <load_address>0x4dd4</load_address>
         <run_address>0x4dd4</run_address>
         <size>0x1c</size>
         <input_file_ref idref="fl-f3"/>
      </object_component>
      <object_component id="oc-57d">
         <name>.text:prvIsQueueFull</name>
         <load_address>0x4df0</load_address>
         <run_address>0x4df0</run_address>
         <size>0x1c</size>
         <input_file_ref idref="fl-10"/>
      </object_component>
      <object_component id="oc-3ae">
         <name>.text:vPortEnterCritical</name>
         <load_address>0x4e0c</load_address>
         <run_address>0x4e0c</run_address>
         <size>0x1c</size>
         <input_file_ref idref="fl-13"/>
      </object_component>
      <object_component id="oc-243">
         <name>.text:UARTprintf</name>
         <load_address>0x4e28</load_address>
         <run_address>0x4e28</run_address>
         <size>0x1a</size>
         <input_file_ref idref="fl-7"/>
      </object_component>
      <object_component id="oc-5b3">
         <name>.text:prvIsQueueEmpty</name>
         <load_address>0x4e42</load_address>
         <run_address>0x4e42</run_address>
         <size>0x1a</size>
         <input_file_ref idref="fl-10"/>
      </object_component>
      <object_component id="oc-388">
         <name>.text:GPIOPinTypeGPIOOutput</name>
         <load_address>0x4e5c</load_address>
         <run_address>0x4e5c</run_address>
         <size>0x18</size>
         <input_file_ref idref="fl-ff"/>
      </object_component>
      <object_component id="oc-5d5">
         <name>.text:_outs</name>
         <load_address>0x4e74</load_address>
         <run_address>0x4e74</run_address>
         <size>0x18</size>
         <input_file_ref idref="fl-e1"/>
      </object_component>
      <object_component id="oc-5c5">
         <name>.text:pvTaskIncrementMutexHeldCount</name>
         <load_address>0x4e8c</load_address>
         <run_address>0x4e8c</run_address>
         <size>0x18</size>
         <input_file_ref idref="fl-11"/>
      </object_component>
      <object_component id="oc-13d">
         <name>.text:vListInsertEnd</name>
         <load_address>0x4ea4</load_address>
         <run_address>0x4ea4</run_address>
         <size>0x18</size>
         <input_file_ref idref="fl-f"/>
      </object_component>
      <object_component id="oc-3ba">
         <name>.text:vPortExitCritical</name>
         <load_address>0x4ebc</load_address>
         <run_address>0x4ebc</run_address>
         <size>0x18</size>
         <input_file_ref idref="fl-13"/>
      </object_component>
      <object_component id="oc-56b">
         <name>.text:vTaskSetTimeOutState</name>
         <load_address>0x4ed4</load_address>
         <run_address>0x4ed4</run_address>
         <size>0x18</size>
         <input_file_ref idref="fl-11"/>
      </object_component>
      <object_component id="oc-2f4">
         <name>.text:GrStringDraw</name>
         <load_address>0x4eec</load_address>
         <run_address>0x4eec</run_address>
         <size>0x16</size>
         <input_file_ref idref="fl-10a"/>
      </object_component>
      <object_component id="oc-488">
         <name>.text:Kentec320x240x16_SSD2119ColorTranslate</name>
         <load_address>0x4f02</load_address>
         <run_address>0x4f02</run_address>
         <size>0x16</size>
         <input_file_ref idref="fl-b"/>
      </object_component>
      <object_component id="oc-791">
         <name>.text:strchr</name>
         <load_address>0x4f18</load_address>
         <run_address>0x4f18</run_address>
         <size>0x16</size>
         <input_file_ref idref="fl-e2"/>
      </object_component>
      <object_component id="oc-52e">
         <name>.text:vListInitialise</name>
         <load_address>0x4f2e</load_address>
         <run_address>0x4f2e</run_address>
         <size>0x16</size>
         <input_file_ref idref="fl-f"/>
      </object_component>
      <object_component id="oc-7d9">
         <name>.text:copysign</name>
         <load_address>0x4f44</load_address>
         <run_address>0x4f44</run_address>
         <size>0x14</size>
         <input_file_ref idref="fl-f8"/>
      </object_component>
      <object_component id="oc-6ce">
         <name>.text:strlen</name>
         <load_address>0x4f58</load_address>
         <run_address>0x4f58</run_address>
         <size>0x14</size>
         <input_file_ref idref="fl-e4"/>
      </object_component>
      <object_component id="oc-55c">
         <name>.text:vPortSetupTimerInterrupt</name>
         <load_address>0x4f6c</load_address>
         <run_address>0x4f6c</run_address>
         <size>0x14</size>
         <input_file_ref idref="fl-13"/>
      </object_component>
      <object_component id="oc-37a">
         <name>.text:GPIOPinTypeI2C</name>
         <load_address>0x4f80</load_address>
         <run_address>0x4f80</run_address>
         <size>0x12</size>
         <input_file_ref idref="fl-ff"/>
      </object_component>
      <object_component id="oc-374">
         <name>.text:GPIOPinTypeI2CSCL</name>
         <load_address>0x4f92</load_address>
         <run_address>0x4f92</run_address>
         <size>0x12</size>
         <input_file_ref idref="fl-ff"/>
      </object_component>
      <object_component id="oc-35b">
         <name>.text:GPIOPinTypeUART</name>
         <load_address>0x4fa4</load_address>
         <run_address>0x4fa4</run_address>
         <size>0x12</size>
         <input_file_ref idref="fl-ff"/>
      </object_component>
      <object_component id="oc-68e">
         <name>.text:prvDeleteTCB</name>
         <load_address>0x4fb6</load_address>
         <run_address>0x4fb6</run_address>
         <size>0x12</size>
         <input_file_ref idref="fl-11"/>
      </object_component>
      <object_component id="oc-703">
         <name>.text:wcslen</name>
         <load_address>0x4fc8</load_address>
         <run_address>0x4fc8</run_address>
         <size>0x12</size>
         <input_file_ref idref="fl-f7"/>
      </object_component>
      <object_component id="oc-543">
         <name>.text:prvTaskExitError</name>
         <load_address>0x4fda</load_address>
         <run_address>0x4fda</run_address>
         <size>0x10</size>
         <input_file_ref idref="fl-13"/>
      </object_component>
      <object_component id="oc-511">
         <name>.text:vTaskSuspendAll</name>
         <load_address>0x4fec</load_address>
         <run_address>0x4fec</run_address>
         <size>0x10</size>
         <input_file_ref idref="fl-11"/>
      </object_component>
      <object_component id="oc-18">
         <name>.text:decompress:none:__TI_decompress_none</name>
         <load_address>0x4ffc</load_address>
         <run_address>0x4ffc</run_address>
         <size>0xe</size>
         <input_file_ref idref="fl-de"/>
      </object_component>
      <object_component id="oc-632">
         <name>.text:LCDIDDCommandWrite</name>
         <load_address>0x500a</load_address>
         <run_address>0x500a</run_address>
         <size>0xc</size>
         <input_file_ref idref="fl-102"/>
      </object_component>
      <object_component id="oc-638">
         <name>.text:LCDIDDDataWrite</name>
         <load_address>0x5016</load_address>
         <run_address>0x5016</run_address>
         <size>0xc</size>
         <input_file_ref idref="fl-102"/>
      </object_component>
      <object_component id="oc-73">
         <name>.text:decompress:ZI:__TI_zero_init</name>
         <load_address>0x5022</load_address>
         <run_address>0x5022</run_address>
         <size>0xc</size>
         <input_file_ref idref="fl-dd"/>
      </object_component>
      <object_component id="oc-697">
         <name>.text:vTaskMissedYield</name>
         <load_address>0x5030</load_address>
         <run_address>0x5030</run_address>
         <size>0xc</size>
         <input_file_ref idref="fl-11"/>
      </object_component>
      <object_component id="oc-3d6">
         <name>.text:xTaskGetTickCount</name>
         <load_address>0x503c</load_address>
         <run_address>0x503c</run_address>
         <size>0xc</size>
         <input_file_ref idref="fl-11"/>
      </object_component>
      <object_component id="oc-506">
         <name>.text:I2CMasterEnable</name>
         <load_address>0x5048</load_address>
         <run_address>0x5048</run_address>
         <size>0xa</size>
         <input_file_ref idref="fl-100"/>
      </object_component>
      <object_component id="oc-5db">
         <name>.text:_outc</name>
         <load_address>0x5052</load_address>
         <run_address>0x5052</run_address>
         <size>0xa</size>
         <input_file_ref idref="fl-e1"/>
      </object_component>
      <object_component id="oc-bf">
         <name>.text:EMACPowerManagementStatusGet</name>
         <load_address>0x505c</load_address>
         <run_address>0x505c</run_address>
         <size>0x8</size>
         <input_file_ref idref="fl-fe"/>
      </object_component>
      <object_component id="oc-60b">
         <name>.text:GrMapISO8859_1_Unicode</name>
         <load_address>0x5064</load_address>
         <run_address>0x5064</run_address>
         <size>0x8</size>
         <input_file_ref idref="fl-10d"/>
      </object_component>
      <object_component id="oc-6b9">
         <name>.text:I2CMasterBusy</name>
         <load_address>0x506c</load_address>
         <run_address>0x506c</run_address>
         <size>0x8</size>
         <input_file_ref idref="fl-100"/>
      </object_component>
      <object_component id="oc-6a7">
         <name>.text:I2CMasterSlaveAddrSet</name>
         <load_address>0x5074</load_address>
         <run_address>0x5074</run_address>
         <size>0x8</size>
         <input_file_ref idref="fl-100"/>
      </object_component>
      <object_component id="oc-709">
         <name>.text:__aeabi_errno_addr</name>
         <load_address>0x507c</load_address>
         <run_address>0x507c</run_address>
         <size>0x8</size>
         <input_file_ref idref="fl-f4"/>
      </object_component>
      <object_component id="oc-3c7">
         <name>.text:prvIdleTask</name>
         <load_address>0x5084</load_address>
         <run_address>0x5084</run_address>
         <size>0x8</size>
         <input_file_ref idref="fl-11"/>
      </object_component>
      <object_component id="oc-c5">
         <name>.text:EMACTimestampIntStatus</name>
         <load_address>0x508c</load_address>
         <run_address>0x508c</run_address>
         <size>0x6</size>
         <input_file_ref idref="fl-fe"/>
      </object_component>
      <object_component id="oc-3fa">
         <name>.text:GPIOPinWrite</name>
         <load_address>0x5092</load_address>
         <run_address>0x5092</run_address>
         <size>0x6</size>
         <input_file_ref idref="fl-ff"/>
      </object_component>
      <object_component id="oc-2e2">
         <name>.text:GrContextFontSet</name>
         <load_address>0x5098</load_address>
         <run_address>0x5098</run_address>
         <size>0x6</size>
         <input_file_ref idref="fl-10a"/>
      </object_component>
      <object_component id="oc-24">
         <name>.text:ResetISR</name>
         <load_address>0x509e</load_address>
         <run_address>0x509e</run_address>
         <size>0x6</size>
         <input_file_ref idref="fl-8"/>
      </object_component>
      <object_component id="oc-355">
         <name>.text:UARTClockSourceSet</name>
         <load_address>0x50a4</load_address>
         <run_address>0x50a4</run_address>
         <size>0x6</size>
         <input_file_ref idref="fl-106"/>
      </object_component>
      <object_component id="oc-53c">
         <name>.text:vListInitialiseItem</name>
         <load_address>0x50aa</load_address>
         <run_address>0x50aa</run_address>
         <size>0x6</size>
         <input_file_ref idref="fl-f"/>
      </object_component>
      <object_component id="oc-6b3">
         <name>.text:I2CMasterControl</name>
         <load_address>0x50b0</load_address>
         <run_address>0x50b0</run_address>
         <size>0x4</size>
         <input_file_ref idref="fl-100"/>
      </object_component>
      <object_component id="oc-6bf">
         <name>.text:I2CMasterDataGet</name>
         <load_address>0x50b4</load_address>
         <run_address>0x50b4</run_address>
         <size>0x4</size>
         <input_file_ref idref="fl-100"/>
      </object_component>
      <object_component id="oc-6ad">
         <name>.text:I2CMasterDataPut</name>
         <load_address>0x50b8</load_address>
         <run_address>0x50b8</run_address>
         <size>0x4</size>
         <input_file_ref idref="fl-100"/>
      </object_component>
      <object_component id="oc-104">
         <name>.text:_system_pre_init</name>
         <load_address>0x50bc</load_address>
         <run_address>0x50bc</run_address>
         <size>0x4</size>
         <input_file_ref idref="fl-ea"/>
      </object_component>
      <object_component id="oc-28b">
         <name>.text:abort:abort</name>
         <load_address>0x50c0</load_address>
         <run_address>0x50c0</run_address>
         <size>0x4</size>
         <input_file_ref idref="fl-ec"/>
      </object_component>
      <object_component id="oc-497">
         <name>.const:.string:g_pui8Cm20Data</name>
         <load_address>0x50c4</load_address>
         <run_address>0x50c4</run_address>
         <size>0x95e</size>
         <input_file_ref idref="fl-10b"/>
      </object_component>
      <object_component id="oc-341">
         <name>.const:g_pppui32XTALtoVCO</name>
         <load_address>0x5a24</load_address>
         <run_address>0x5a24</run_address>
         <size>0x1b0</size>
         <input_file_ref idref="fl-104"/>
      </object_component>
      <object_component id="oc-744">
         <name>.const:.string:_ctypes_</name>
         <load_address>0x5bd4</load_address>
         <run_address>0x5bd4</run_address>
         <size>0x101</size>
         <input_file_ref idref="fl-f1"/>
      </object_component>
      <object_component id="oc-2fd">
         <name>.const:g_sFontCm20</name>
         <load_address>0x5cd8</load_address>
         <run_address>0x5cd8</run_address>
         <size>0xc8</size>
         <input_file_ref idref="fl-10b"/>
      </object_component>
      <object_component id="oc-4d7">
         <name>.const:g_pui32GPIOBaseAddrs</name>
         <load_address>0x5da0</load_address>
         <run_address>0x5da0</run_address>
         <size>0x90</size>
         <input_file_ref idref="fl-ff"/>
      </object_component>
      <object_component id="oc-33e">
         <name>.const:g_pui32Xtals</name>
         <load_address>0x5e30</load_address>
         <run_address>0x5e30</run_address>
         <size>0x6c</size>
         <input_file_ref idref="fl-104"/>
      </object_component>
      <object_component id="oc-4c4">
         <name>.const:g_sXTALtoMEMTIM</name>
         <load_address>0x5e9c</load_address>
         <run_address>0x5e9c</run_address>
         <size>0x30</size>
         <input_file_ref idref="fl-104"/>
      </object_component>
      <object_component id="oc-2fa">
         <name>.const:g_sKentec320x240x16_SSD2119</name>
         <load_address>0x5ecc</load_address>
         <run_address>0x5ecc</run_address>
         <size>0x28</size>
         <input_file_ref idref="fl-b"/>
      </object_component>
      <object_component id="oc-147">
         <name>.const:g_pi32TouchParameters</name>
         <load_address>0x5ef4</load_address>
         <run_address>0x5ef4</run_address>
         <size>0x1c</size>
         <input_file_ref idref="fl-d"/>
      </object_component>
      <object_component id="oc-445">
         <name>.const</name>
         <load_address>0x5f10</load_address>
         <run_address>0x5f10</run_address>
         <size>0x10</size>
         <input_file_ref idref="fl-108"/>
      </object_component>
      <object_component id="oc-4f4">
         <name>.const:g_ui32UARTBase</name>
         <load_address>0x5f20</load_address>
         <run_address>0x5f20</run_address>
         <size>0xc</size>
         <input_file_ref idref="fl-7"/>
      </object_component>
      <object_component id="oc-4eb">
         <name>.const:g_ui32UARTPeriph</name>
         <load_address>0x5f2c</load_address>
         <run_address>0x5f2c</run_address>
         <size>0xc</size>
         <input_file_ref idref="fl-7"/>
      </object_component>
      <object_component id="oc-344">
         <name>.const</name>
         <load_address>0x5f38</load_address>
         <run_address>0x5f38</run_address>
         <size>0x8</size>
         <input_file_ref idref="fl-104"/>
      </object_component>
      <object_component id="oc-9a">
         <name>.const</name>
         <load_address>0x5f40</load_address>
         <run_address>0x5f40</run_address>
         <size>0x4</size>
         <input_file_ref idref="fl-13"/>
      </object_component>
      <object_component id="oc-82e">
         <name>.cinit..data.load</name>
         <load_address>0x5f48</load_address>
         <run_address>0x5f48</run_address>
         <size>0x15</size>
      </object_component>
      <object_component id="oc-82c">
         <name>__TI_handler_table</name>
         <load_address>0x5f60</load_address>
         <run_address>0x5f60</run_address>
         <size>0xc</size>
      </object_component>
      <object_component id="oc-82f">
         <name>.cinit..bss.load</name>
         <load_address>0x5f70</load_address>
         <run_address>0x5f70</run_address>
         <size>0x8</size>
      </object_component>
      <object_component id="oc-82d">
         <name>__TI_cinit_table</name>
         <load_address>0x5f78</load_address>
         <run_address>0x5f78</run_address>
         <size>0x10</size>
      </object_component>
      <object_component id="oc-6c5">
         <name>.data:data$1</name>
         <load_address>0x20006195</load_address>
         <run_address>0x20006195</run_address>
         <size>0x2</size>
         <input_file_ref idref="fl-4"/>
      </object_component>
      <object_component id="oc-4ee">
         <name>.data</name>
         <load_address>0x20006190</load_address>
         <run_address>0x20006190</run_address>
         <size>0x5</size>
         <input_file_ref idref="fl-7"/>
      </object_component>
      <object_component id="oc-14a">
         <name>.data</name>
         <load_address>0x200061a0</load_address>
         <run_address>0x200061a0</run_address>
         <size>0x4</size>
         <input_file_ref idref="fl-d"/>
      </object_component>
      <object_component id="oc-97">
         <name>.data</name>
         <load_address>0x20006158</load_address>
         <run_address>0x20006158</run_address>
         <size>0x30</size>
         <input_file_ref idref="fl-11"/>
      </object_component>
      <object_component id="oc-54a">
         <name>.data</name>
         <load_address>0x20006198</load_address>
         <run_address>0x20006198</run_address>
         <size>0x4</size>
         <input_file_ref idref="fl-13"/>
      </object_component>
      <object_component id="oc-523">
         <name>.data</name>
         <load_address>0x20006188</load_address>
         <run_address>0x20006188</run_address>
         <size>0x8</size>
         <input_file_ref idref="fl-15"/>
      </object_component>
      <object_component id="oc-7a1">
         <name>.data</name>
         <load_address>0x2000619c</load_address>
         <run_address>0x2000619c</run_address>
         <size>0x4</size>
         <input_file_ref idref="fl-f4"/>
      </object_component>
      <object_component id="oc-b1">
         <name>.bss</name>
         <uninitialized>true</uninitialized>
         <run_address>0x20005124</run_address>
         <size>0x8</size>
         <input_file_ref idref="fl-d"/>
      </object_component>
      <object_component id="oc-14d">
         <name>.bss:g_pi16Samples</name>
         <uninitialized>true</uninitialized>
         <run_address>0x2000510c</run_address>
         <size>0x10</size>
         <input_file_ref idref="fl-d"/>
      </object_component>
      <object_component id="oc-12d">
         <name>.bss:pxReadyTasksLists</name>
         <uninitialized>true</uninitialized>
         <run_address>0x20004f10</run_address>
         <size>0x140</size>
         <input_file_ref idref="fl-11"/>
      </object_component>
      <object_component id="oc-54e">
         <name>.bss:xDelayedTaskList1</name>
         <uninitialized>true</uninitialized>
         <run_address>0x200050a8</run_address>
         <size>0x14</size>
         <input_file_ref idref="fl-11"/>
      </object_component>
      <object_component id="oc-551">
         <name>.bss:xDelayedTaskList2</name>
         <uninitialized>true</uninitialized>
         <run_address>0x200050bc</run_address>
         <size>0x14</size>
         <input_file_ref idref="fl-11"/>
      </object_component>
      <object_component id="oc-143">
         <name>.bss</name>
         <uninitialized>true</uninitialized>
         <run_address>0x2000511c</run_address>
         <size>0x8</size>
         <input_file_ref idref="fl-11"/>
      </object_component>
      <object_component id="oc-322">
         <name>.bss:xPendingReadyList</name>
         <uninitialized>true</uninitialized>
         <run_address>0x200050d0</run_address>
         <size>0x14</size>
         <input_file_ref idref="fl-11"/>
      </object_component>
      <object_component id="oc-554">
         <name>.bss:xTasksWaitingTermination</name>
         <uninitialized>true</uninitialized>
         <run_address>0x200050f8</run_address>
         <size>0x14</size>
         <input_file_ref idref="fl-11"/>
      </object_component>
      <object_component id="oc-557">
         <name>.bss:xSuspendedTaskList</name>
         <uninitialized>true</uninitialized>
         <run_address>0x200050e4</run_address>
         <size>0x14</size>
         <input_file_ref idref="fl-11"/>
      </object_component>
      <object_component id="oc-66d">
         <name>.bss:ucHeap</name>
         <uninitialized>true</uninitialized>
         <run_address>0x20000000</run_address>
         <size>0x4f10</size>
         <input_file_ref idref="fl-15"/>
      </object_component>
      <object_component id="oc-526">
         <name>.bss:xStart</name>
         <uninitialized>true</uninitialized>
         <run_address>0x20005134</run_address>
         <size>0x8</size>
         <input_file_ref idref="fl-15"/>
      </object_component>
      <object_component id="oc-529">
         <name>.bss:xEnd</name>
         <uninitialized>true</uninitialized>
         <run_address>0x2000512c</run_address>
         <size>0x8</size>
         <input_file_ref idref="fl-15"/>
      </object_component>
      <object_component id="oc-d1">
         <name>.bss</name>
         <uninitialized>true</uninitialized>
         <run_address>0x20005050</run_address>
         <size>0x58</size>
         <input_file_ref idref="fl-18"/>
      </object_component>
      <object_component id="oc-283">
         <name>.common:xHandleAlert</name>
         <uninitialized>true</uninitialized>
         <run_address>0x2000514c</run_address>
         <size>0x4</size>
      </object_component>
      <object_component id="oc-26a">
         <name>.common:logger_queue</name>
         <uninitialized>true</uninitialized>
         <run_address>0x20005148</run_address>
         <size>0x4</size>
      </object_component>
      <object_component id="oc-267">
         <name>.common:g_ui32SysClock</name>
         <uninitialized>true</uninitialized>
         <run_address>0x20005144</run_address>
         <size>0x4</size>
      </object_component>
      <object_component id="oc-b7">
         <name>.common:g_i16TouchX</name>
         <uninitialized>true</uninitialized>
         <run_address>0x20005150</run_address>
         <size>0x2</size>
      </object_component>
      <object_component id="oc-b4">
         <name>.common:g_i16TouchY</name>
         <uninitialized>true</uninitialized>
         <run_address>0x20005152</run_address>
         <size>0x2</size>
      </object_component>
      <object_component id="oc-d4">
         <name>.common:g_pfnTimerHandler</name>
         <uninitialized>true</uninitialized>
         <run_address>0x2000513c</run_address>
         <size>0x4</size>
      </object_component>
      <object_component id="oc-448">
         <name>.common:g_psGrLibDefaults</name>
         <uninitialized>true</uninitialized>
         <run_address>0x20005140</run_address>
         <size>0x4</size>
      </object_component>
      <object_component id="oc-21">
         <name>.stack</name>
         <uninitialized>true</uninitialized>
         <run_address>0x20005158</run_address>
         <size>0x4</size>
         <input_file_ref idref="fl-e7"/>
      </object_component>
      <object_component id="oc-830">
         <name>.stack</name>
         <uninitialized>true</uninitialized>
         <run_address>0x20005158</run_address>
         <size>0x0</size>
      </object_component>
      <object_component id="oc-225">
         <name>.debug_info</name>
         <load_address>0x0</load_address>
         <run_address>0x0</run_address>
         <size>0x5e2</size>
         <input_file_ref idref="fl-2"/>
      </object_component>
      <object_component id="oc-286">
         <name>.debug_info</name>
         <load_address>0x5e2</load_address>
         <run_address>0x5e2</run_address>
         <size>0x1c3</size>
         <input_file_ref idref="fl-2"/>
      </object_component>
      <object_component id="oc-18a">
         <name>.debug_info</name>
         <load_address>0x7a5</load_address>
         <run_address>0x7a5</run_address>
         <size>0x2ef</size>
         <input_file_ref idref="fl-2"/>
      </object_component>
      <object_component id="oc-e4">
         <name>.debug_info</name>
         <load_address>0xa94</load_address>
         <run_address>0xa94</run_address>
         <size>0x26b</size>
         <input_file_ref idref="fl-2"/>
      </object_component>
      <object_component id="oc-155">
         <name>.debug_info</name>
         <load_address>0xcff</load_address>
         <run_address>0xcff</run_address>
         <size>0x6bd</size>
         <input_file_ref idref="fl-2"/>
      </object_component>
      <object_component id="oc-5ad">
         <name>.debug_info</name>
         <load_address>0x13bc</load_address>
         <run_address>0x13bc</run_address>
         <size>0x76</size>
         <input_file_ref idref="fl-2"/>
      </object_component>
      <object_component id="oc-3f5">
         <name>.debug_info</name>
         <load_address>0x1432</load_address>
         <run_address>0x1432</run_address>
         <size>0xa0</size>
         <input_file_ref idref="fl-2"/>
      </object_component>
      <object_component id="oc-5a7">
         <name>.debug_info</name>
         <load_address>0x14d2</load_address>
         <run_address>0x14d2</run_address>
         <size>0x8a</size>
         <input_file_ref idref="fl-2"/>
      </object_component>
      <object_component id="oc-dd">
         <name>.debug_info</name>
         <load_address>0x155c</load_address>
         <run_address>0x155c</run_address>
         <size>0x8b</size>
         <input_file_ref idref="fl-2"/>
      </object_component>
      <object_component id="oc-175">
         <name>.debug_info</name>
         <load_address>0x15e7</load_address>
         <run_address>0x15e7</run_address>
         <size>0x46</size>
         <input_file_ref idref="fl-2"/>
      </object_component>
      <object_component id="oc-18f">
         <name>.debug_info</name>
         <load_address>0x162d</load_address>
         <run_address>0x162d</run_address>
         <size>0x2c</size>
         <input_file_ref idref="fl-2"/>
      </object_component>
      <object_component id="oc-220">
         <name>.debug_info</name>
         <load_address>0x1659</load_address>
         <run_address>0x1659</run_address>
         <size>0x297</size>
         <input_file_ref idref="fl-2"/>
      </object_component>
      <object_component id="oc-d8">
         <name>.debug_info</name>
         <load_address>0x18f0</load_address>
         <run_address>0x18f0</run_address>
         <size>0xbb</size>
[...]
         <object_component_ref idref="oc-3e2"/>
      </symbol>
      <symbol id="sm-593">
         <name>xTaskNotifyWait</name>
         <value>0x2e31</value>
         <object_component_ref idref="oc-408"/>
      </symbol>
      <symbol id="sm-594">
         <name>vTaskMissedYield</name>
         <value>0x5031</value>
         <object_component_ref idref="oc-697"/>
      </symbol>
      <symbol id="sm-595">
         <name>xTaskResumeAll</name>
         <value>0x2c79</value>
         <object_component_ref idref="oc-51d"/>
      </symbol>
      <symbol id="sm-596">
         <name>xTaskGetTickCount</name>
         <value>0x503d</value>
         <object_component_ref idref="oc-3d6"/>
      </symbol>
      <symbol id="sm-597">
         <name>xTaskGenericCreate</name>
         <value>0x2995</value>
         <object_component_ref idref="oc-25b"/>
      </symbol>
      <symbol id="sm-598">
         <name>pxCurrentTCB</name>
         <value>0x20006158</value>
         <object_component_ref idref="oc-97"/>
      </symbol>
      <symbol id="sm-599">
         <name>vTaskSetTimeOutState</name>
         <value>0x4ed5</value>
         <object_component_ref idref="oc-56b"/>
      </symbol>
      <symbol id="sm-59a">
         <name>xTaskIncrementTick</name>
         <value>0x2891</value>
         <object_component_ref idref="oc-a4"/>
      </symbol>
      <symbol id="sm-59b">
         <name>vTaskSwitchContext</name>
         <value>0x3829</value>
         <object_component_ref idref="oc-9d"/>
      </symbol>
      <symbol id="sm-59c">
         <name>xTaskRemoveFromEventList</name>
         <value>0x3d39</value>
         <object_component_ref idref="oc-16e"/>
      </symbol>
      <symbol id="sm-5f8">
         <name>ulMaxSyscallInterruptPriority</name>
         <value>0x5f40</value>
         <object_component_ref idref="oc-9a"/>
      </symbol>
      <symbol id="sm-5f9">
         <name>vPortSetupTimerInterrupt</name>
         <value>0x4f6d</value>
         <object_component_ref idref="oc-55c"/>
      </symbol>
      <symbol id="sm-5fa">
         <name>xPortSysTickHandler</name>
         <value>0x4c21</value>
         <object_component_ref idref="oc-41"/>
      </symbol>
      <symbol id="sm-5fb">
         <name>pxPortInitialiseStack</name>
         <value>0x4ca1</value>
         <object_component_ref idref="oc-3a8"/>
      </symbol>
      <symbol id="sm-5fc">
         <name>vPortExitCritical</name>
         <value>0x4ebd</value>
         <object_component_ref idref="oc-3ba"/>
      </symbol>
      <symbol id="sm-5fd">
         <name>xPortStartScheduler</name>
         <value>0x4931</value>
         <object_component_ref idref="oc-3c1"/>
      </symbol>
      <symbol id="sm-5fe">
         <name>vPortEnterCritical</name>
         <value>0x4e0d</value>
         <object_component_ref idref="oc-3ae"/>
      </symbol>
      <symbol id="sm-60d">
         <name>vPortStartFirstTask</name>
         <value>0x2e05</value>
         <object_component_ref idref="oc-3c"/>
      </symbol>
      <symbol id="sm-60e">
         <name>ulPortGetIPSR</name>
         <value>0x2d6d</value>
         <object_component_ref idref="oc-3c"/>
      </symbol>
      <symbol id="sm-60f">
         <name>vPortEnableVFP</name>
         <value>0x2e21</value>
         <object_component_ref idref="oc-3c"/>
      </symbol>
      <symbol id="sm-610">
         <name>xPortPendSVHandler</name>
         <value>0x2d85</value>
         <object_component_ref idref="oc-3c"/>
      </symbol>
      <symbol id="sm-611">
         <name>vPortSVCHandler</name>
         <value>0x2de5</value>
         <object_component_ref idref="oc-3c"/>
      </symbol>
      <symbol id="sm-666">
         <name>pvPortMalloc</name>
         <value>0x3329</value>
         <object_component_ref idref="oc-38f"/>
      </symbol>
      <symbol id="sm-667">
         <name>vPortFree</name>
         <value>0x486d</value>
         <object_component_ref idref="oc-535"/>
      </symbol>
      <symbol id="sm-751">
         <name>g_pfnTimerHandler</name>
         <value>0x2000513c</value>
      </symbol>
      <symbol id="sm-752">
         <name>lwIPEthernetIntHandler</name>
         <value>0x31cd</value>
         <object_component_ref idref="oc-4d"/>
      </symbol>
      <symbol id="sm-762">
         <name>__aeabi_memset</name>
         <value>0x3bcf</value>
         <object_component_ref idref="oc-fe"/>
      </symbol>
      <symbol id="sm-763">
         <name>memset</name>
         <value>0x3bd5</value>
         <object_component_ref idref="oc-fe"/>
      </symbol>
      <symbol id="sm-764">
         <name>__aeabi_memset8</name>
         <value>0x3bcf</value>
         <object_component_ref idref="oc-fe"/>
      </symbol>
      <symbol id="sm-765">
         <name>__aeabi_memset4</name>
         <value>0x3bcf</value>
         <object_component_ref idref="oc-fe"/>
      </symbol>
      <symbol id="sm-766">
         <name>__aeabi_memclr8</name>
         <value>0x3bcd</value>
         <object_component_ref idref="oc-fe"/>
      </symbol>
      <symbol id="sm-767">
         <name>__aeabi_memclr4</name>
         <value>0x3bcd</value>
         <object_component_ref idref="oc-fe"/>
      </symbol>
      <symbol id="sm-768">
         <name>__aeabi_memclr</name>
         <value>0x3bcd</value>
         <object_component_ref idref="oc-fe"/>
      </symbol>
      <symbol id="sm-777">
         <name>__aeabi_uidivmod</name>
         <value>0x48b1</value>
         <object_component_ref idref="oc-4fe"/>
      </symbol>
      <symbol id="sm-778">
         <name>__aeabi_uidiv</name>
         <value>0x48b1</value>
         <object_component_ref idref="oc-4fe"/>
      </symbol>
      <symbol id="sm-78f">
         <name>__aeabi_dsub</name>
         <value>0x1a71</value>
         <object_component_ref idref="oc-5a1"/>
      </symbol>
      <symbol id="sm-790">
         <name>__aeabi_dadd</name>
         <value>0x1a7b</value>
         <object_component_ref idref="oc-5a1"/>
      </symbol>
      <symbol id="sm-79b">
         <name>__aeabi_dmul</name>
         <value>0x2a95</value>
         <object_component_ref idref="oc-59c"/>
      </symbol>
      <symbol id="sm-7a7">
         <name>__aeabi_d2f</name>
         <value>0x3e8d</value>
         <object_component_ref idref="oc-413"/>
      </symbol>
      <symbol id="sm-7b2">
         <name>__aeabi_f2d</name>
         <value>0x4a99</value>
         <object_component_ref idref="oc-597"/>
      </symbol>
      <symbol id="sm-7cd">
         <name>memcpy</name>
         <value>0x35cd</value>
         <object_component_ref idref="oc-61"/>
      </symbol>
      <symbol id="sm-7ce">
         <name>__aeabi_memcpy</name>
         <value>0x35cd</value>
         <object_component_ref idref="oc-61"/>
      </symbol>
      <symbol id="sm-7cf">
         <name>__aeabi_memcpy8</name>
         <value>0x35cd</value>
         <object_component_ref idref="oc-61"/>
      </symbol>
      <symbol id="sm-7d0">
         <name>__aeabi_memcpy4</name>
         <value>0x35cd</value>
         <object_component_ref idref="oc-61"/>
      </symbol>
      <symbol id="sm-7da">
         <name>__aeabi_ui2d</name>
         <value>0x4d59</value>
         <object_component_ref idref="oc-40e"/>
      </symbol>
      <symbol id="sm-7ec">
         <name>__TI_zero_init</name>
         <value>0x5023</value>
         <object_component_ref idref="oc-73"/>
      </symbol>
      <symbol id="sm-803">
         <name>__TI_decompress_none</name>
         <value>0x4ffd</value>
         <object_component_ref idref="oc-18"/>
      </symbol>
      <symbol id="sm-826">
         <name>__TI_decompress_lzss</name>
         <value>0x3fcd</value>
         <object_component_ref idref="oc-12"/>
      </symbol>
      <symbol id="sm-84e">
         <name>sprintf</name>
         <value>0x48f1</value>
         <object_component_ref idref="oc-418"/>
      </symbol>
      <symbol id="sm-85e">
         <name>strchr</name>
         <value>0x4f19</value>
         <object_component_ref idref="oc-791"/>
      </symbol>
      <symbol id="sm-86d">
         <name>strlen</name>
         <value>0x4f59</value>
         <object_component_ref idref="oc-6ce"/>
      </symbol>
      <symbol id="sm-882">
         <name>__stack</name>
         <value>0x20005158</value>
         <object_component_ref idref="oc-21"/>
      </symbol>
      <symbol id="sm-883">
         <name>_c_int00_noargs</name>
         <value>0x4a61</value>
         <object_component_ref idref="oc-7f"/>
      </symbol>
      <symbol id="sm-88d">
         <name>__aeabi_idiv0</name>
         <value>0x306b</value>
         <object_component_ref idref="oc-663"/>
      </symbol>
      <symbol id="sm-88e">
         <name>__aeabi_ldiv0</name>
         <value>0x306b</value>
         <object_component_ref idref="oc-663"/>
      </symbol>
      <symbol id="sm-8b6">
         <name>__TI_auto_init_nobinit_nopinit</name>
         <value>0x4829</value>
         <object_component_ref idref="oc-297"/>
      </symbol>
      <symbol id="sm-8c0">
         <name>_system_pre_init</name>
         <value>0x50bd</value>
         <object_component_ref idref="oc-104"/>
      </symbol>
      <symbol id="sm-8cc">
         <name>C$$EXIT</name>
         <value>0x50c1</value>
         <object_component_ref idref="oc-28b"/>
      </symbol>
      <symbol id="sm-8cd">
         <name>abort</name>
         <value>0x50c1</value>
         <object_component_ref idref="oc-28b"/>
      </symbol>
      <symbol id="sm-a33">
         <name>__TI_printfi</name>
         <value>0x201</value>
         <object_component_ref idref="oc-5cf"/>
      </symbol>
      <symbol id="sm-a4a">
         <name>atoi</name>
         <value>0x4625</value>
         <object_component_ref idref="oc-6d4"/>
      </symbol>
      <symbol id="sm-a55">
         <name>_ctypes_</name>
         <value>0x5bd4</value>
         <object_component_ref idref="oc-744"/>
      </symbol>
      <symbol id="sm-a64">
         <name>ltoa</name>
         <value>0x4491</value>
         <object_component_ref idref="oc-75f"/>
      </symbol>
      <symbol id="sm-a74">
         <name>memccpy</name>
         <value>0x4dd5</value>
         <object_component_ref idref="oc-6fd"/>
      </symbol>
      <symbol id="sm-a8a">
         <name>__aeabi_errno_addr</name>
         <value>0x507d</value>
         <object_component_ref idref="oc-709"/>
      </symbol>
      <symbol id="sm-a8b">
         <name>errno</name>
         <value>0x2000619c</value>
         <object_component_ref idref="oc-7a1"/>
      </symbol>
      <symbol id="sm-aab">
         <name>frexpl</name>
         <value>0x4035</value>
         <object_component_ref idref="oc-785"/>
      </symbol>
      <symbol id="sm-aac">
         <name>frexp</name>
         <value>0x4035</value>
         <object_component_ref idref="oc-785"/>
      </symbol>
      <symbol id="sm-ac9">
         <name>scalbn</name>
         <value>0x2781</value>
         <object_component_ref idref="oc-78b"/>
      </symbol>
      <symbol id="sm-aca">
         <name>scalbnl</name>
         <value>0x2781</value>
         <object_component_ref idref="oc-78b"/>
      </symbol>
      <symbol id="sm-acb">
         <name>ldexpl</name>
         <value>0x2781</value>
         <object_component_ref idref="oc-78b"/>
      </symbol>
      <symbol id="sm-acc">
         <name>ldexp</name>
         <value>0x2781</value>
         <object_component_ref idref="oc-78b"/>
      </symbol>
      <symbol id="sm-ae5">
         <name>wcslen</name>
         <value>0x4fc9</value>
         <object_component_ref idref="oc-703"/>
      </symbol>
      <symbol id="sm-aef">
         <name>copysign</name>
         <value>0x4f45</value>
         <object_component_ref idref="oc-7d9"/>
      </symbol>
      <symbol id="sm-af0">
         <name>copysignl</name>
         <value>0x4f45</value>
         <object_component_ref idref="oc-7d9"/>
      </symbol>
      <symbol id="sm-afd">
         <name>__aeabi_uldivmod</name>
         <value>0x3701</value>
         <object_component_ref idref="oc-749"/>
      </symbol>
      <symbol id="sm-b1f">
         <name>__aeabi_cdcmpeq</name>
         <value>0x38b5</value>
         <object_component_ref idref="oc-6e0"/>
      </symbol>
      <symbol id="sm-b20">
         <name>__aeabi_cdcmple</name>
         <value>0x38b5</value>
         <object_component_ref idref="oc-6e0"/>
      </symbol>
      <symbol id="sm-b21">
         <name>__aeabi_cdrcmple</name>
         <value>0x393b</value>
         <object_component_ref idref="oc-755"/>
      </symbol>
      <symbol id="sm-b35">
         <name>__aeabi_ddiv</name>
         <value>0x21b9</value>
         <object_component_ref idref="oc-750"/>
      </symbol>
      <symbol id="sm-b3f">
         <name>__aeabi_d2iz</name>
         <value>0x47e1</value>
         <object_component_ref idref="oc-75a"/>
      </symbol>
      <symbol id="sm-b49">
         <name>__aeabi_i2d</name>
         <value>0x4b9b</value>
         <object_component_ref idref="oc-765"/>
      </symbol>
      <symbol id="sm-b76">
         <name>EMACTimestampIntStatus</name>
         <value>0x508d</value>
         <object_component_ref idref="oc-c5"/>
      </symbol>
      <symbol id="sm-b77">
         <name>EMACPowerManagementStatusGet</name>
         <value>0x505d</value>
         <object_component_ref idref="oc-bf"/>
      </symbol>
      <symbol id="sm-b78">
         <name>EMACIntStatus</name>
         <value>0x4bc9</value>
         <object_component_ref idref="oc-b9"/>
      </symbol>
      <symbol id="sm-bca">
         <name>GPIOPinConfigure</name>
         <value>0x4709</value>
         <object_component_ref idref="oc-34f"/>
      </symbol>
      <symbol id="sm-bcb">
         <name>GPIOPinTypeI2CSCL</name>
         <value>0x4f93</value>
         <object_component_ref idref="oc-374"/>
      </symbol>
      <symbol id="sm-bcc">
         <name>GPIOPinTypeI2C</name>
         <value>0x4f81</value>
         <object_component_ref idref="oc-37a"/>
      </symbol>
      <symbol id="sm-bcd">
         <name>GPIOPinTypeUART</name>
         <value>0x4fa5</value>
         <object_component_ref idref="oc-35b"/>
      </symbol>
      <symbol id="sm-bce">
         <name>GPIOPinTypeGPIOOutput</name>
         <value>0x4e5d</value>
         <object_component_ref idref="oc-388"/>
      </symbol>
      <symbol id="sm-bcf">
         <name>GPIODirModeSet</name>
         <value>0x4c4d</value>
         <object_component_ref idref="oc-4de"/>
      </symbol>
      <symbol id="sm-bd0">
         <name>GPIOPinWrite</name>
         <value>0x5093</value>
         <object_component_ref idref="oc-3fa"/>
      </symbol>
      <symbol id="sm-bd1">
         <name>GPIOPadConfigSet</name>
         <value>0x22ef</value>
         <object_component_ref idref="oc-4e4"/>
      </symbol>
      <symbol id="sm-c12">
         <name>I2CMasterDataPut</name>
         <value>0x50b9</value>
         <object_component_ref idref="oc-6ad"/>
      </symbol>
      <symbol id="sm-c13">
         <name>I2CMasterInitExpClk</name>
         <value>0x458d</value>
         <object_component_ref idref="oc-380"/>
      </symbol>
      <symbol id="sm-c14">
         <name>I2CMasterSlaveAddrSet</name>
         <value>0x5075</value>
         <object_component_ref idref="oc-6a7"/>
      </symbol>
      <symbol id="sm-c15">
         <name>I2CMasterDataGet</name>
         <value>0x50b5</value>
         <object_component_ref idref="oc-6bf"/>
      </symbol>
      <symbol id="sm-c16">
         <name>I2CMasterControl</name>
         <value>0x50b1</value>
         <object_component_ref idref="oc-6b3"/>
      </symbol>
      <symbol id="sm-c17">
         <name>I2CMasterBusy</name>
         <value>0x506d</value>
         <object_component_ref idref="oc-6b9"/>
      </symbol>
      <symbol id="sm-c18">
         <name>I2CMasterEnable</name>
         <value>0x5049</value>
         <object_component_ref idref="oc-506"/>
      </symbol>
      <symbol id="sm-c33">
         <name>LCDIDDDataWrite</name>
         <value>0x5017</value>
         <object_component_ref idref="oc-638"/>
      </symbol>
      <symbol id="sm-c34">
         <name>LCDIDDCommandWrite</name>
         <value>0x500b</value>
         <object_component_ref idref="oc-632"/>
      </symbol>
      <symbol id="sm-ca4">
         <name>SysCtlPeripheralEnable</name>
         <value>0x4b09</value>
         <object_component_ref idref="oc-349"/>
      </symbol>
      <symbol id="sm-ca5">
         <name>SysCtlClockFreqSet</name>
         <value>0x1125</value>
         <object_component_ref idref="oc-237"/>
      </symbol>
      <symbol id="sm-cb3">
         <name>UARTClockSourceSet</name>
         <value>0x50a5</value>
         <object_component_ref idref="oc-355"/>
      </symbol>
      <symbol id="sm-cd4">
         <name>GrContextInit</name>
         <value>0x3efd</value>
         <object_component_ref idref="oc-2dc"/>
      </symbol>
      <symbol id="sm-cd5">
         <name>g_psDefaultCodePointMapTable</name>
         <value>0x5f10</value>
         <object_component_ref idref="oc-445"/>
      </symbol>
      <symbol id="sm-d79">
         <name>GrFontInfoGet</name>
         <value>0x4cc9</value>
         <object_component_ref idref="oc-461"/>
      </symbol>
      <symbol id="sm-d7a">
         <name>GrDefaultStringRenderer</name>
         <value>0x2ef9</value>
         <object_component_ref idref="oc-43f"/>
      </symbol>
      <symbol id="sm-d7b">
         <name>GrFontGlyphRender</name>
         <value>0xed1</value>
         <object_component_ref idref="oc-604"/>
      </symbol>
      <symbol id="sm-d7c">
         <name>GrContextFontSet</name>
         <value>0x5099</value>
         <object_component_ref idref="oc-2e2"/>
      </symbol>
      <symbol id="sm-d7d">
         <name>GrFontGlyphDataGet</name>
         <value>0x4d15</value>
         <object_component_ref idref="oc-45b"/>
      </symbol>
      <symbol id="sm-d7e">
         <name>GrStringDraw</name>
         <value>0x4eed</value>
         <object_component_ref idref="oc-2f4"/>
      </symbol>
      <symbol id="sm-d7f">
         <name>GrFontCodepageGet</name>
         <value>0x4d99</value>
         <object_component_ref idref="oc-61a"/>
      </symbol>
      <symbol id="sm-d80">
         <name>GrStringNextCharGet</name>
         <value>0x4b6d</value>
         <object_component_ref idref="oc-455"/>
      </symbol>
      <symbol id="sm-d81">
         <name>GrStringWidthGet</name>
         <value>0x3f65</value>
         <object_component_ref idref="oc-2e8"/>
      </symbol>
      <symbol id="sm-d82">
         <name>GrFontBaselineGet</name>
         <value>0x4bf5</value>
         <object_component_ref idref="oc-2ee"/>
      </symbol>
      <symbol id="sm-d94">
         <name>g_sFontCm20</name>
         <value>0x5cd8</value>
         <object_component_ref idref="oc-2fd"/>
      </symbol>
      <symbol id="sm-da2">
         <name>GrMapISO8859_1_Unicode</name>
         <value>0x5065</value>
         <object_component_ref idref="oc-60b"/>
      </symbol>
      <symbol id="sm-da3">
         <name>__TI_static_base__</name>
         <value>0x0</value>
      </symbol>
      <symbol id="sm-da6">
         <name>__mpu_init</name>
         <value>0x0</value>
      </symbol>
      <symbol id="sm-da7">
         <name>_system_post_cinit</name>
         <value>0x0</value>
      </symbol>
   </symbol_table>
   <title>Link successful</title>
</link_info>
