******************************************************************************
                  TI ARM Linker PC v18.1.3                     
******************************************************************************
>> Linked Wed Apr 10 16:56:39 2019

OUTPUT FILE NAME:   <freertos_demo.out>
ENTRY POINT SYMBOL: "_c_int00_noargs"  address: 00004a61


MEMORY CONFIGURATION

         name            origin    length      used     unused   attr    fill
----------------------  --------  ---------  --------  --------  ----  --------
  FLASH                 00000000   00100000  00005f84  000fa07c  R  X
  SRAM                  20000000   00040000  000061a0  00039e60  RW X


SEGMENT ALLOCATION MAP

run origin  load origin   length   init length attrs members
----------  ----------- ---------- ----------- ----- -------
00000000    00000000    00005f88   00005f88    r-x
  00000000    00000000    00000200   00000200    r-- .intvecs
  00000200    00000200    00004ec4   00004ec4    r-x .text
  000050c4    000050c4    00000e80   00000e80    r-- .const
  00005f48    00005f48    00000040   00000040    r-- .cinit
20000000    20000000    000061a4   00000000    rw-
  20000000    20000000    00005154   00000000    rw- .bss
  20005158    20005158    00001000   00000000    rw- .stack
  20006158    20006158    0000004c   00000000    rw- .data


SECTION ALLOCATION MAP

 output                                  attributes/
section   page    origin      length       input sections
--------  ----  ----------  ----------   ----------------
.intvecs   0    00000000    00000200     
                  00000000    00000200     startup_ccs.obj (.intvecs)

.text      0    00000200    00004ec4     
                  00000200    00000a5e     rtsv7M4_T_le_v4SPD16_eabi.lib : _printfi.c.obj (.text:__TI_printfi)
                  00000c5e    00000002     startup_ccs.obj (.text:FaultISR)
                  00000c60    00000270     rtsv7M4_T_le_v4SPD16_eabi.lib : _printfi.c.obj (.text:_pconv_a)
                  00000ed0    00000254     grlib.lib : string.obj (.text:GrFontGlyphRender)
                  00001124    00000200     driverlib.lib : sysctl.obj (.text:SysCtlClockFreqSet)
                  00001324    000001ea     main.obj (.text:UARTvprintf)
                  0000150e    00000002     startup_ccs.obj (.text:IntDefaultHandler)
                  00001510    000001d0     rtsv7M4_T_le_v4SPD16_eabi.lib : _printfi.c.obj (.text:_pconv_g)
                  000016e0    000001cc     kentec320x240x16_ssd2119.obj (.text:Kentec320x240x16_SSD2119PixelDrawMultiple)
                  000018ac    000001c4     main.obj (.text:main)
                  00001a70    000001b6     rtsv7M4_T_le_v4SPD16_eabi.lib : fd_add_t2.asm.obj (.text)
                  00001c26    00000002     kentec320x240x16_ssd2119.obj (.text:Kentec320x240x16_SSD2119Flush)
                  00001c28    00000194     kentec320x240x16_ssd2119.obj (.text:Kentec320x240x16_SSD2119RectFill)
                  00001dbc    00000180     touch.obj (.text:TouchScreenDebouncer)
                  00001f3c    00000140     touch.obj (.text:TouchScreenIntHandler)
                  0000207c    0000013c     rtsv7M4_T_le_v4SPD16_eabi.lib : _printfi.c.obj (.text:_pconv_e)
                  000021b8    00000136                                   : fd_div_t2.asm.obj (.text)
                  000022ee    00000132     driverlib.lib : gpio.obj (.text:GPIOPadConfigSet)
                  00002420    00000128     log.obj (.text:_log_handler)
                  00002548    00000120     rtsv7M4_T_le_v4SPD16_eabi.lib : _printfi.c.obj (.text:fcvt)
                  00002668    00000118     queue.obj (.text:xQueueGenericReceive)
                  00002780    00000110     rtsv7M4_T_le_v4SPD16_eabi.lib : s_scalbn.c.obj (.text:scalbn)
                  00002890    00000104     tasks.obj (.text:xTaskIncrementTick)
                  00002994    00000100     tasks.obj (.text:xTaskGenericCreate)
                  00002a94    000000fc     rtsv7M4_T_le_v4SPD16_eabi.lib : fd_mul_t2.asm.obj (.text)
                  00002b90    000000e8     queue.obj (.text:xQueueGenericSend)
                  00002c78    000000e4     tasks.obj (.text:xTaskResumeAll)
                  00002d5c    000000d2     portasm.obj (.text)
                  00002e2e    00000002     startup_ccs.obj (.text:NmiSR)
                  00002e30    000000c8     tasks.obj (.text:xTaskNotifyWait)
                  00002ef8    000000c0     grlib.lib : string.obj (.text:GrDefaultStringRenderer)
                  00002fb8    000000b1     rtsv7M4_T_le_v4SPD16_eabi.lib : _printfi.c.obj (.text:_ltostr)
                  00003069    00000001     --HOLE-- [fill = 0]
                  0000306a    00000002                                   : div0.asm.obj (.text)
                  0000306c    000000b0     kentec320x240x16_ssd2119.obj (.text:Kentec320x240x16_SSD2119LineDrawH)
                  0000311c    000000b0     kentec320x240x16_ssd2119.obj (.text:Kentec320x240x16_SSD2119LineDrawV)
                  000031cc    000000b0     lwiplib.obj (.text:lwIPEthernetIntHandler)
                  0000327c    000000ac     led.obj (.text:_led_handler)
                  00003328    000000ac     heap_2.obj (.text:pvPortMalloc)
                  000033d4    000000ac     temperature.obj (.text:read_temperature)
                  00003480    000000ac     tasks.obj (.text:xTaskGenericNotify)
                  0000352c    000000a0     main.obj (.text:vApplicationStackOverflowHook)
                  000035cc    0000009c     rtsv7M4_T_le_v4SPD16_eabi.lib : memcpy_t2.asm.obj (.text)
                  00003668    00000098     i2c.obj (.text:I2CGet2Byte)
                  00003700    00000096     rtsv7M4_T_le_v4SPD16_eabi.lib : ull_div_t2.asm.obj (.text)
                  00003796    00000002     --HOLE-- [fill = 0]
                  00003798    00000090     tasks.obj (.text:vTaskPriorityInherit)
                  00003828    0000008c     tasks.obj (.text:vTaskSwitchContext)
                  000038b4    00000086     rtsv7M4_T_le_v4SPD16_eabi.lib : fd_cmp_t2.asm.obj (.text:__aeabi_cdcmple)
                  0000393a    00000086                                   : fd_cmp_t2.asm.obj (.text:__aeabi_cdrcmple)
                  000039c0    00000084     temperature.obj (.text:_temperature_handler)
                  00003a44    00000084     tasks.obj (.text:vTaskDelayUntil)
                  00003ac8    00000084     queue.obj (.text:xQueueGenericReset)
                  00003b4c    00000080     alert.obj (.text:_alert_handler)
                  00003bcc    0000007a     rtsv7M4_T_le_v4SPD16_eabi.lib : memset_t2.asm.obj (.text)
                  00003c46    00000002     --HOLE-- [fill = 0]
                  00003c48    00000078     kentec320x240x16_ssd2119.obj (.text:Kentec320x240x16_SSD2119PixelDraw)
                  00003cc0    00000078     tasks.obj (.text:xTaskPriorityDisinherit)
                  00003d38    00000074     tasks.obj (.text:xTaskRemoveFromEventList)
                  00003dac    00000072     queue.obj (.text:prvCopyDataToQueue)
                  00003e1e    0000006e     rtsv7M4_T_le_v4SPD16_eabi.lib : _printfi.c.obj (.text:_mcpy)
                  00003e8c    0000006e                                   : fd_tos_t2.asm.obj (.text)
                  00003efa    00000002     --HOLE-- [fill = 0]
                  00003efc    00000068     grlib.lib : context.obj (.text:GrContextInit)
                  00003f64    00000068               : string.obj (.text:GrStringWidthGet)
                  00003fcc    00000068     rtsv7M4_T_le_v4SPD16_eabi.lib : copy_decompress_lzss.c.obj (.text:decompress:lzss:__TI_decompress_lzss)
                  00004034    00000064                                   : s_frexp.c.obj (.text:frexp)
                  00004098    00000064     tasks.obj (.text:vTaskPlaceOnEventList)
                  000040fc    00000062     queue.obj (.text:prvUnlockQueue)
                  0000415e    00000002     --HOLE-- [fill = 0]
                  00004160    00000060     main.obj (.text:UARTStdioConfig)
                  000041c0    00000060     tasks.obj (.text:prvInitialiseTaskLists)
                  00004220    00000060     tasks.obj (.text:vTaskStartScheduler)
                  00004280    0000005c     queue.obj (.text:xQueueGenericSendFromISR)
                  000042dc    0000005a     grlib.lib : string.obj (.text:FontWideGlyphDataGet)
                  00004336    00000002     --HOLE-- [fill = 0]
                  00004338    00000058     tasks.obj (.text:prvCheckTasksWaitingTermination)
                  00004390    00000056     rtsv7M4_T_le_v4SPD16_eabi.lib : _printfi.c.obj (.text:_pconv_f)
                  000043e6    00000056     tasks.obj (.text:prvInitialiseTCBVariables)
                  0000443c    00000054     i2c.obj (.text:init_I2C)
                  00004490    00000054     rtsv7M4_T_le_v4SPD16_eabi.lib : ltoa.c.obj (.text:ltoa)
                  000044e4    00000054     tasks.obj (.text:xTaskCheckForTimeOut)
                  00004538    00000052     rtsv7M4_T_le_v4SPD16_eabi.lib : _printfi.c.obj (.text:_ecpy)
                  0000458a    00000002     --HOLE-- [fill = 0]
                  0000458c    0000004c     driverlib.lib : i2c.obj (.text:I2CMasterInitExpClk)
                  000045d8    0000004c     main.obj (.text:InitConsole)
                  00004624    0000004c     rtsv7M4_T_le_v4SPD16_eabi.lib : atoi.c.obj (.text:atoi)
                  00004670    0000004c     tasks.obj (.text:prvAddCurrentTaskToDelayedList)
                  000046bc    0000004a     grlib.lib : string.obj (.text:UpdateContextCharMapping)
                  00004706    00000002     --HOLE-- [fill = 0]
                  00004708    00000048     driverlib.lib : gpio.obj (.text:GPIOPinConfigure)
                  00004750    00000048     main.obj (.text:UARTwrite)
                  00004798    00000048     driverlib.lib : sysctl.obj (.text:_SysCtlFrequencyGet)
                  000047e0    00000048     rtsv7M4_T_le_v4SPD16_eabi.lib : fd_toi_t2.asm.obj (.text)
                  00004828    00000044                                   : autoinit.c.obj (.text:__TI_auto_init_nobinit_nopinit:__TI_auto_init_nobinit_nopinit)
                  0000486c    00000044     heap_2.obj (.text:vPortFree)
                  000048b0    00000040     rtsv7M4_T_le_v4SPD16_eabi.lib : u_divt2.asm.obj (.text)
                  000048f0    00000040                                   : sprintf.c.obj (.text:sprintf)
                  00004930    00000040     port.obj (.text:xPortStartScheduler)
                  00004970    0000003e     rtsv7M4_T_le_v4SPD16_eabi.lib : _printfi.c.obj (.text:_fcpy)
                  000049ae    0000003c     queue.obj (.text:xQueueGenericCreate)
                  000049ea    0000003a     grlib.lib : string.obj (.text:FontGlyphDataGet)
                  00004a24    0000003a     tasks.obj (.text:prvAllocateTCBAndStack)
                  00004a5e    00000002     --HOLE-- [fill = 0]
                  00004a60    00000038     rtsv7M4_T_le_v4SPD16_eabi.lib : boot_cortex_m.c.obj (.text:_c_int00_noargs:_c_int00_noargs)
                  00004a98    00000038                                   : fs_tod_t2.asm.obj (.text)
                  00004ad0    00000038     list.obj (.text:vListInsert)
                  00004b08    00000034     driverlib.lib : sysctl.obj (.text:SysCtlPeripheralEnable)
                  00004b3c    00000030     heap_2.obj (.text:prvHeapInit)
                  00004b6c    0000002e     grlib.lib : string.obj (.text:GrStringNextCharGet)
                  00004b9a    0000002e     rtsv7M4_T_le_v4SPD16_eabi.lib : i_tofd_t2.asm.obj (.text)
                  00004bc8    0000002c     driverlib.lib : emac.obj (.text:EMACIntStatus)
                  00004bf4    0000002c     grlib.lib : string.obj (.text:GrFontBaselineGet)
                  00004c20    0000002c     port.obj (.text:xPortSysTickHandler)
                  00004c4c    0000002a     driverlib.lib : gpio.obj (.text:GPIODirModeSet)
                  00004c76    00000002     --HOLE-- [fill = 0]
                  00004c78    00000028     tasks.obj (.text:prvResetNextTaskUnblockTime)
                  00004ca0    00000028     port.obj (.text:pxPortInitialiseStack)
                  00004cc8    00000026     grlib.lib : string.obj (.text:GrFontInfoGet)
                  00004cee    00000026     queue.obj (.text:prvCopyDataFromQueue)
                  00004d14    00000022     grlib.lib : string.obj (.text:GrFontGlyphDataGet)
                  00004d36    00000002     --HOLE-- [fill = 0]
                  00004d38    00000020     driverlib.lib : sysctl.obj (.text:_SysCtlMemTimingGet)
                  00004d58    00000020     rtsv7M4_T_le_v4SPD16_eabi.lib : u_tofd_t2.asm.obj (.text)
                  00004d78    00000020     list.obj (.text:uxListRemove)
                  00004d98    0000001e     grlib.lib : string.obj (.text:GrFontCodepageGet)
                  00004db6    00000002     --HOLE-- [fill = 0]
                  00004db8    0000001c     led.obj (.text:init_led)
                  00004dd4    0000001c     rtsv7M4_T_le_v4SPD16_eabi.lib : memccpy.c.obj (.text:memccpy)
                  00004df0    0000001c     queue.obj (.text:prvIsQueueFull)
                  00004e0c    0000001c     port.obj (.text:vPortEnterCritical)
                  00004e28    0000001a     main.obj (.text:UARTprintf)
                  00004e42    0000001a     queue.obj (.text:prvIsQueueEmpty)
                  00004e5c    00000018     driverlib.lib : gpio.obj (.text:GPIOPinTypeGPIOOutput)
                  00004e74    00000018     rtsv7M4_T_le_v4SPD16_eabi.lib : sprintf.c.obj (.text:_outs)
                  00004e8c    00000018     tasks.obj (.text:pvTaskIncrementMutexHeldCount)
                  00004ea4    00000018     list.obj (.text:vListInsertEnd)
                  00004ebc    00000018     port.obj (.text:vPortExitCritical)
                  00004ed4    00000018     tasks.obj (.text:vTaskSetTimeOutState)
                  00004eec    00000016     grlib.lib : string.obj (.text:GrStringDraw)
                  00004f02    00000016     kentec320x240x16_ssd2119.obj (.text:Kentec320x240x16_SSD2119ColorTranslate)
                  00004f18    00000016     rtsv7M4_T_le_v4SPD16_eabi.lib : strchr.c.obj (.text:strchr)
                  00004f2e    00000016     list.obj (.text:vListInitialise)
                  00004f44    00000014     rtsv7M4_T_le_v4SPD16_eabi.lib : s_copysign.c.obj (.text:copysign)
                  00004f58    00000014                                   : strlen.c.obj (.text:strlen)
                  00004f6c    00000014     port.obj (.text:vPortSetupTimerInterrupt)
                  00004f80    00000012     driverlib.lib : gpio.obj (.text:GPIOPinTypeI2C)
                  00004f92    00000012                   : gpio.obj (.text:GPIOPinTypeI2CSCL)
                  00004fa4    00000012                   : gpio.obj (.text:GPIOPinTypeUART)
                  00004fb6    00000012     tasks.obj (.text:prvDeleteTCB)
                  00004fc8    00000012     rtsv7M4_T_le_v4SPD16_eabi.lib : wcslen.c.obj (.text:wcslen)
                  00004fda    00000010     port.obj (.text:prvTaskExitError)
                  00004fea    00000002     --HOLE-- [fill = 0]
                  00004fec    00000010     tasks.obj (.text:vTaskSuspendAll)
                  00004ffc    0000000e     rtsv7M4_T_le_v4SPD16_eabi.lib : copy_decompress_none.c.obj (.text:decompress:none:__TI_decompress_none)
                  0000500a    0000000c     driverlib.lib : lcd.obj (.text:LCDIDDCommandWrite)
                  00005016    0000000c                   : lcd.obj (.text:LCDIDDDataWrite)
                  00005022    0000000c     rtsv7M4_T_le_v4SPD16_eabi.lib : copy_zero_init.c.obj (.text:decompress:ZI:__TI_zero_init)
                  0000502e    00000002     --HOLE-- [fill = 0]
                  00005030    0000000c     tasks.obj (.text:vTaskMissedYield)
                  0000503c    0000000c     tasks.obj (.text:xTaskGetTickCount)
                  00005048    0000000a     driverlib.lib : i2c.obj (.text:I2CMasterEnable)
                  00005052    0000000a     rtsv7M4_T_le_v4SPD16_eabi.lib : sprintf.c.obj (.text:_outc)
                  0000505c    00000008     driverlib.lib : emac.obj (.text:EMACPowerManagementStatusGet)
                  00005064    00000008     grlib.lib : charmap.obj (.text:GrMapISO8859_1_Unicode)
                  0000506c    00000008     driverlib.lib : i2c.obj (.text:I2CMasterBusy)
                  00005074    00000008                   : i2c.obj (.text:I2CMasterSlaveAddrSet)
                  0000507c    00000008     rtsv7M4_T_le_v4SPD16_eabi.lib : errno.c.obj (.text:__aeabi_errno_addr)
                  00005084    00000008     tasks.obj (.text:prvIdleTask)
                  0000508c    00000006     driverlib.lib : emac.obj (.text:EMACTimestampIntStatus)
                  00005092    00000006                   : gpio.obj (.text:GPIOPinWrite)
                  00005098    00000006     grlib.lib : string.obj (.text:GrContextFontSet)
                  0000509e    00000006     startup_ccs.obj (.text:ResetISR)
                  000050a4    00000006     driverlib.lib : uart.obj (.text:UARTClockSourceSet)
                  000050aa    00000006     list.obj (.text:vListInitialiseItem)
                  000050b0    00000004     driverlib.lib : i2c.obj (.text:I2CMasterControl)
                  000050b4    00000004                   : i2c.obj (.text:I2CMasterDataGet)
                  000050b8    00000004                   : i2c.obj (.text:I2CMasterDataPut)
                  000050bc    00000004     rtsv7M4_T_le_v4SPD16_eabi.lib : pre_init.c.obj (.text:_system_pre_init)
                  000050c0    00000004                                   : exit.c.obj (.text:abort:abort)

.const     0    000050c4    00000e80     
                  000050c4    0000095e     grlib.lib : fontcm20.obj (.const:.string:g_pui8Cm20Data)
                  00005a22    00000002     --HOLE-- [fill = 0]
                  00005a24    000001b0     driverlib.lib : sysctl.obj (.const:g_pppui32XTALtoVCO)
                  00005bd4    00000101     rtsv7M4_T_le_v4SPD16_eabi.lib : ctype.c.obj (.const:.string:_ctypes_)
                  00005cd5    00000003     --HOLE-- [fill = 0]
                  00005cd8    000000c8     grlib.lib : fontcm20.obj (.const:g_sFontCm20)
                  00005da0    00000090     driverlib.lib : gpio.obj (.const:g_pui32GPIOBaseAddrs)
                  00005e30    0000006c                   : sysctl.obj (.const:g_pui32Xtals)
                  00005e9c    00000030                   : sysctl.obj (.const:g_sXTALtoMEMTIM)
                  00005ecc    00000028     kentec320x240x16_ssd2119.obj (.const:g_sKentec320x240x16_SSD2119)
                  00005ef4    0000001c     touch.obj (.const:g_pi32TouchParameters)
                  00005f10    00000010     grlib.lib : context.obj (.const)
                  00005f20    0000000c     main.obj (.const:g_ui32UARTBase)
                  00005f2c    0000000c     main.obj (.const:g_ui32UARTPeriph)
                  00005f38    00000008     driverlib.lib : sysctl.obj (.const)
                  00005f40    00000004     port.obj (.const)

.cinit     0    00005f48    00000040     
                  00005f48    00000015     (.cinit..data.load) [load image, compression = lzss]
                  00005f5d    00000003     --HOLE-- [fill = 0]
                  00005f60    0000000c     (__TI_handler_table)
                  00005f6c    00000004     --HOLE-- [fill = 0]
                  00005f70    00000008     (.cinit..bss.load) [load image, compression = zero_init]
                  00005f78    00000010     (__TI_cinit_table)

.init_array 
*          0    00000000    00000000     UNINITIALIZED

.bss       0    20000000    00005154     UNINITIALIZED
                  20000000    00004f10     heap_2.obj (.bss:ucHeap)
                  20004f10    00000140     tasks.obj (.bss:pxReadyTasksLists)
                  20005050    00000058     lwiplib.obj (.bss)
                  200050a8    00000014     tasks.obj (.bss:xDelayedTaskList1)
                  200050bc    00000014     tasks.obj (.bss:xDelayedTaskList2)
                  200050d0    00000014     tasks.obj (.bss:xPendingReadyList)
                  200050e4    00000014     tasks.obj (.bss:xSuspendedTaskList)
                  200050f8    00000014     tasks.obj (.bss:xTasksWaitingTermination)
                  2000510c    00000010     touch.obj (.bss:g_pi16Samples)
                  2000511c    00000008     tasks.obj (.bss)
                  20005124    00000008     touch.obj (.bss)
                  2000512c    00000008     heap_2.obj (.bss:xEnd)
                  20005134    00000008     heap_2.obj (.bss:xStart)
                  2000513c    00000004     (.common:g_pfnTimerHandler)
                  20005140    00000004     (.common:g_psGrLibDefaults)
                  20005144    00000004     (.common:g_ui32SysClock)
                  20005148    00000004     (.common:logger_queue)
                  2000514c    00000004     (.common:xHandleAlert)
                  20005150    00000002     (.common:g_i16TouchX)
                  20005152    00000002     (.common:g_i16TouchY)

.data      0    20006158    0000004c     UNINITIALIZED
                  20006158    00000030     tasks.obj (.data)
                  20006188    00000008     heap_2.obj (.data)
                  20006190    00000005     main.obj (.data)
                  20006195    00000002     i2c.obj (.data:data$1)
                  20006197    00000001     --HOLE--
                  20006198    00000004     port.obj (.data)
                  2000619c    00000004     rtsv7M4_T_le_v4SPD16_eabi.lib : errno.c.obj (.data)
                  200061a0    00000004     touch.obj (.data)

.stack     0    20005158    00001000     UNINITIALIZED
                  20005158    00000004     rtsv7M4_T_le_v4SPD16_eabi.lib : boot_cortex_m.c.obj (.stack)
                  2000515c    00000ffc     --HOLE--

MODULE SUMMARY

       Module                         code    ro data   rw data
       ------                         ----    -------   -------
    .\
       main.obj                       1372    24        9      
       startup_ccs.obj                12      512       0      
       temperature.obj                304     0         0      
       log.obj                        296     0         0      
       i2c.obj                        236     0         2      
       led.obj                        200     0         0      
       alert.obj                      128     0         8      
    +--+------------------------------+-------+---------+---------+
       Total:                         2548    536       19     
                                                               
    .\drivers\
       kentec320x240x16_ssd2119.obj   1360    40        0      
       touch.obj                      704     28        32     
    +--+------------------------------+-------+---------+---------+
       Total:                         2064    68        32     
                                                               
    .\third_party\FreeRTOS\Source\
       tasks.obj                      2606    0         476    
       queue.obj                      1100    0         0      
       list.obj                       140     0         0      
    +--+------------------------------+-------+---------+---------+
       Total:                         3846    0         476    
                                                               
    .\third_party\FreeRTOS\Source\portable\CCS\ARM_CM4F\
       port.obj                       236     4         4      
       portasm.obj                    210     0         0      
    +--+------------------------------+-------+---------+---------+
       Total:                         446     4         4      
                                                               
    .\third_party\FreeRTOS\Source\portable\MemMang\
       heap_2.obj                     288     0         20264  
    +--+------------------------------+-------+---------+---------+
       Total:                         288     0         20264  
                                                               
    .\utils\
       lwiplib.obj                    176     0         92     
    +--+------------------------------+-------+---------+---------+
       Total:                         176     0         92     
                                                               
    C:/ti/TivaWare_C_Series-2.1.4.178/driverlib/ccs/Debug/driverlib.lib
       sysctl.obj                     668     596       0      
       gpio.obj                       504     144       0      
       i2c.obj                        114     0         0      
       emac.obj                       58      0         0      
       lcd.obj                        24      0         0      
       uart.obj                       6       0         0      
    +--+------------------------------+-------+---------+---------+
       Total:                         1374    740       0      
                                                               
    C:/ti/TivaWare_C_Series-2.1.4.178/grlib/ccs/Debug/grlib.lib
       fontcm20.obj                   0       2598      0      
       string.obj                     1334    0         0      
       context.obj                    104     16        4      
       charmap.obj                    8       0         0      
    +--+------------------------------+-------+---------+---------+
       Total:                         1446    2614      4      
                                                               
    C:\ti\ccsv8\ccsv8\tools\compiler\ti-cgt-arm_18.1.3.LTS\lib\rtsv7M4_T_le_v4SPD16_eabi.lib
       _printfi.c.obj                 4863    0         0      
       fd_add_t2.asm.obj              438     0         0      
       fd_div_t2.asm.obj              310     0         0      
       s_scalbn.c.obj                 272     0         0      
       fd_cmp_t2.asm.obj              268     0         0      
       ctype.c.obj                    0       257       0      
       fd_mul_t2.asm.obj              252     0         0      
       memcpy_t2.asm.obj              156     0         0      
       ull_div_t2.asm.obj             150     0         0      
       memset_t2.asm.obj              122     0         0      
       fd_tos_t2.asm.obj              110     0         0      
       copy_decompress_lzss.c.obj     104     0         0      
       s_frexp.c.obj                  100     0         0      
       sprintf.c.obj                  98      0         0      
       ltoa.c.obj                     84      0         0      
       atoi.c.obj                     76      0         0      
       fd_toi_t2.asm.obj              72      0         0      
       autoinit.c.obj                 68      0         0      
       u_divt2.asm.obj                64      0         0      
       boot_cortex_m.c.obj            56      0         0      
       fs_tod_t2.asm.obj              56      0         0      
       i_tofd_t2.asm.obj              46      0         0      
       u_tofd_t2.asm.obj              32      0         0      
       memccpy.c.obj                  28      0         0      
       strchr.c.obj                   22      0         0      
       s_copysign.c.obj               20      0         0      
       strlen.c.obj                   20      0         0      
       wcslen.c.obj                   18      0         0      
       copy_decompress_none.c.obj     14      0         0      
       copy_zero_init.c.obj           12      0         0      
       errno.c.obj                    8       0         4      
       exit.c.obj                     4       0         0      
       pre_init.c.obj                 4       0         0      
       div0.asm.obj                   2       0         0      
    +--+------------------------------+-------+---------+---------+
       Total:                         7949    257       4      
                                                               
       Stack:                         0       0         4096   
       Linker Generated:              0       57        0      
    +--+------------------------------+-------+---------+---------+
       Grand Total:                   20137   4276      24991  


LINKER GENERATED COPY TABLES

__TI_cinit_table @ 00005f78 records: 2, size/record: 8, table size: 16
	.data: load addr=00005f48, load size=00000015 bytes, run addr=20006158, run size=0000004c bytes, compression=lzss
	.bss: load addr=00005f70, load size=00000008 bytes, run addr=20000000, run size=00005154 bytes, compression=zero_init


LINKER GENERATED HANDLER TABLE

__TI_handler_table @ 00005f60 records: 3, size/record: 4, table size: 12
	index: 0, handler: __TI_decompress_lzss
	index: 1, handler: __TI_decompress_none
	index: 2, handler: __TI_zero_init


GLOBAL SYMBOLS: SORTED ALPHABETICALLY BY Name 

address   name                          
-------   ----                          
000050c1  C$$EXIT                       
00004bc9  EMACIntStatus                 
0000505d  EMACPowerManagementStatusGet  
0000508d  EMACTimestampIntStatus        
00004c4d  GPIODirModeSet                
000022ef  GPIOPadConfigSet              
00004709  GPIOPinConfigure              
00004e5d  GPIOPinTypeGPIOOutput         
00004f81  GPIOPinTypeI2C                
00004f93  GPIOPinTypeI2CSCL             
00004fa5  GPIOPinTypeUART               
00005093  GPIOPinWrite                  
00005099  GrContextFontSet              
00003efd  GrContextInit                 
00002ef9  GrDefaultStringRenderer       
00004bf5  GrFontBaselineGet             
00004d99  GrFontCodepageGet             
00004d15  GrFontGlyphDataGet            
00000ed1  GrFontGlyphRender             
00004cc9  GrFontInfoGet                 
00005065  GrMapISO8859_1_Unicode        
00004eed  GrStringDraw                  
00004b6d  GrStringNextCharGet           
00003f65  GrStringWidthGet              
00003669  I2CGet2Byte                   
0000506d  I2CMasterBusy                 
000050b1  I2CMasterControl              
000050b5  I2CMasterDataGet              
000050b9  I2CMasterDataPut              
00005049  I2CMasterEnable               
0000458d  I2CMasterInitExpClk           
00005075  I2CMasterSlaveAddrSet         
000045d9  InitConsole                   
0000500b  LCDIDDCommandWrite            
00005017  LCDIDDDataWrite               
0000509f  ResetISR                      
00001125  SysCtlClockFreqSet            
00004b09  SysCtlPeripheralEnable        
00001f3d  TouchScreenIntHandler         
000050a5  UARTClockSourceSet            
00004161  UARTStdioConfig               
00004e29  UARTprintf                    
00001325  UARTvprintf                   
00004751  UARTwrite                     
20006158  __STACK_END                   
00001000  __STACK_SIZE                  
20006158  __STACK_TOP                   
00005f78  __TI_CINIT_Base               
00005f88  __TI_CINIT_Limit              
00005f60  __TI_Handler_Table_Base       
00005f6c  __TI_Handler_Table_Limit      
00004829  __TI_auto_init_nobinit_nopinit
00003fcd  __TI_decompress_lzss          
00004ffd  __TI_decompress_none          
ffffffff  __TI_pprof_out_hndl           
00000201  __TI_printfi                  
ffffffff  __TI_prof_data_size           
ffffffff  __TI_prof_data_start          
00000000  __TI_static_base__            
00005023  __TI_zero_init                
000038b5  __aeabi_cdcmpeq               
000038b5  __aeabi_cdcmple               
0000393b  __aeabi_cdrcmple              
00003e8d  __aeabi_d2f                   
000047e1  __aeabi_d2iz                  
00001a7b  __aeabi_dadd                  
000021b9  __aeabi_ddiv                  
00002a95  __aeabi_dmul                  
00001a71  __aeabi_dsub                  
0000507d  __aeabi_errno_addr            
00004a99  __aeabi_f2d                   
00004b9b  __aeabi_i2d                   
0000306b  __aeabi_idiv0                 
0000306b  __aeabi_ldiv0                 
00003bcd  __aeabi_memclr                
00003bcd  __aeabi_memclr4               
00003bcd  __aeabi_memclr8               
000035cd  __aeabi_memcpy                
000035cd  __aeabi_memcpy4               
000035cd  __aeabi_memcpy8               
00003bcf  __aeabi_memset                
00003bcf  __aeabi_memset4               
00003bcf  __aeabi_memset8               
00004d59  __aeabi_ui2d                  
000048b1  __aeabi_uidiv                 
000048b1  __aeabi_uidivmod              
00003701  __aeabi_uldivmod              
ffffffff  __binit__                     
ffffffff  __c_args__                    
UNDEFED   __mpu_init                    
20005158  __stack                       
00003b4d  _alert_handler                
00004a61  _c_int00_noargs               
00005bd4  _ctypes_                      
0000327d  _led_handler                  
00002421  _log_handler                  
UNDEFED   _system_post_cinit            
000050bd  _system_pre_init              
000039c1  _temperature_handler          
000050c1  abort                         
00004625  atoi                          
ffffffff  binit                         
00004f45  copysign                      
00004f45  copysignl                     
2000619c  errno                         
00004035  frexp                         
00004035  frexpl                        
200061a0  g_i16TouchMin                 
20005150  g_i16TouchX                   
20005152  g_i16TouchY                   
2000513c  g_pfnTimerHandler             
00000000  g_pfnVectors                  
00005ef4  g_pi32TouchParameters         
00005f10  g_psDefaultCodePointMapTable  
00005cd8  g_sFontCm20                   
00005ecc  g_sKentec320x240x16_SSD2119   
20005144  g_ui32SysClock                
0000443d  init_I2C                      
00004db9  init_led                      
00002781  ldexp                         
00002781  ldexpl                        
20005148  logger_queue                  
00004491  ltoa                          
000031cd  lwIPEthernetIntHandler        
000018ad  main                          
00004dd5  memccpy                       
000035cd  memcpy                        
00003bd5  memset                        
00003329  pvPortMalloc                  
00004e8d  pvTaskIncrementMutexHeldCount 
20006158  pxCurrentTCB                  
00004ca1  pxPortInitialiseStack         
000033d5  read_temperature              
00002781  scalbn                        
00002781  scalbnl                       
000048f1  sprintf                       
00004f19  strchr                        
00004f59  strlen                        
00005f40  ulMaxSyscallInterruptPriority 
00002d6d  ulPortGetIPSR                 
00004d79  uxListRemove                  
0000352d  vApplicationStackOverflowHook 
00004f2f  vListInitialise               
000050ab  vListInitialiseItem           
00004ad1  vListInsert                   
00004ea5  vListInsertEnd                
00002e21  vPortEnableVFP                
00004e0d  vPortEnterCritical            
00004ebd  vPortExitCritical             
0000486d  vPortFree                     
00002de5  vPortSVCHandler               
00004f6d  vPortSetupTimerInterrupt      
00002e05  vPortStartFirstTask           
00003a45  vTaskDelayUntil               
00005031  vTaskMissedYield              
00004099  vTaskPlaceOnEventList         
00003799  vTaskPriorityInherit          
00004ed5  vTaskSetTimeOutState          
00004221  vTaskStartScheduler           
00004fed  vTaskSuspendAll               
00003829  vTaskSwitchContext            
00004fc9  wcslen                        
2000514c  xHandleAlert                  
00002d85  xPortPendSVHandler            
00004931  xPortStartScheduler           
00004c21  xPortSysTickHandler           
000049af  xQueueGenericCreate           
00002669  xQueueGenericReceive          
00003ac9  xQueueGenericReset            
00002b91  xQueueGenericSend             
00004281  xQueueGenericSendFromISR      
000044e5  xTaskCheckForTimeOut          
00002995  xTaskGenericCreate            
00003481  xTaskGenericNotify            
0000503d  xTaskGetTickCount             
00002891  xTaskIncrementTick            
00002e31  xTaskNotifyWait               
00003cc1  xTaskPriorityDisinherit       
00003d39  xTaskRemoveFromEventList      
00002c79  xTaskResumeAll                


GLOBAL SYMBOLS: SORTED BY Symbol Address 

address   name                          
-------   ----                          
00000000  __TI_static_base__            
00000000  g_pfnVectors                  
00000201  __TI_printfi                  
00000ed1  GrFontGlyphRender             
00001000  __STACK_SIZE                  
00001125  SysCtlClockFreqSet            
00001325  UARTvprintf                   
000018ad  main                          
00001a71  __aeabi_dsub                  
00001a7b  __aeabi_dadd                  
00001f3d  TouchScreenIntHandler         
000021b9  __aeabi_ddiv                  
000022ef  GPIOPadConfigSet              
00002421  _log_handler                  
00002669  xQueueGenericReceive          
00002781  ldexp                         
00002781  ldexpl                        
00002781  scalbn                        
00002781  scalbnl                       
00002891  xTaskIncrementTick            
00002995  xTaskGenericCreate            
00002a95  __aeabi_dmul                  
00002b91  xQueueGenericSend             
00002c79  xTaskResumeAll                
00002d6d  ulPortGetIPSR                 
00002d85  xPortPendSVHandler            
00002de5  vPortSVCHandler               
00002e05  vPortStartFirstTask           
00002e21  vPortEnableVFP                
00002e31  xTaskNotifyWait               
00002ef9  GrDefaultStringRenderer       
0000306b  __aeabi_idiv0                 
0000306b  __aeabi_ldiv0                 
000031cd  lwIPEthernetIntHandler        
0000327d  _led_handler                  
00003329  pvPortMalloc                  
000033d5  read_temperature              
00003481  xTaskGenericNotify            
0000352d  vApplicationStackOverflowHook 
000035cd  __aeabi_memcpy                
000035cd  __aeabi_memcpy4               
000035cd  __aeabi_memcpy8               
000035cd  memcpy                        
00003669  I2CGet2Byte                   
00003701  __aeabi_uldivmod              
00003799  vTaskPriorityInherit          
00003829  vTaskSwitchContext            
000038b5  __aeabi_cdcmpeq               
000038b5  __aeabi_cdcmple               
0000393b  __aeabi_cdrcmple              
000039c1  _temperature_handler          
00003a45  vTaskDelayUntil               
00003ac9  xQueueGenericReset            
00003b4d  _alert_handler                
00003bcd  __aeabi_memclr                
00003bcd  __aeabi_memclr4               
00003bcd  __aeabi_memclr8               
00003bcf  __aeabi_memset                
00003bcf  __aeabi_memset4               
00003bcf  __aeabi_memset8               
00003bd5  memset                        
00003cc1  xTaskPriorityDisinherit       
00003d39  xTaskRemoveFromEventList      
00003e8d  __aeabi_d2f                   
00003efd  GrContextInit                 
00003f65  GrStringWidthGet              
00003fcd  __TI_decompress_lzss          
00004035  frexp                         
00004035  frexpl                        
00004099  vTaskPlaceOnEventList         
00004161  UARTStdioConfig               
00004221  vTaskStartScheduler           
00004281  xQueueGenericSendFromISR      
0000443d  init_I2C                      
00004491  ltoa                          
000044e5  xTaskCheckForTimeOut          
0000458d  I2CMasterInitExpClk           
000045d9  InitConsole                   
00004625  atoi                          
00004709  GPIOPinConfigure              
00004751  UARTwrite                     
000047e1  __aeabi_d2iz                  
00004829  __TI_auto_init_nobinit_nopinit
0000486d  vPortFree                     
000048b1  __aeabi_uidiv                 
000048b1  __aeabi_uidivmod              
000048f1  sprintf                       
00004931  xPortStartScheduler           
000049af  xQueueGenericCreate           
00004a61  _c_int00_noargs               
00004a99  __aeabi_f2d                   
00004ad1  vListInsert                   
00004b09  SysCtlPeripheralEnable        
00004b6d  GrStringNextCharGet           
00004b9b  __aeabi_i2d                   
00004bc9  EMACIntStatus                 
00004bf5  GrFontBaselineGet             
00004c21  xPortSysTickHandler           
00004c4d  GPIODirModeSet                
00004ca1  pxPortInitialiseStack         
00004cc9  GrFontInfoGet                 
00004d15  GrFontGlyphDataGet            
00004d59  __aeabi_ui2d                  
00004d79  uxListRemove                  
00004d99  GrFontCodepageGet             
00004db9  init_led                      
00004dd5  memccpy                       
00004e0d  vPortEnterCritical            
00004e29  UARTprintf                    
00004e5d  GPIOPinTypeGPIOOutput         
00004e8d  pvTaskIncrementMutexHeldCount 
00004ea5  vListInsertEnd                
00004ebd  vPortExitCritical             
00004ed5  vTaskSetTimeOutState          
00004eed  GrStringDraw                  
00004f19  strchr                        
00004f2f  vListInitialise               
00004f45  copysign                      
00004f45  copysignl                     
00004f59  strlen                        
00004f6d  vPortSetupTimerInterrupt      
00004f81  GPIOPinTypeI2C                
00004f93  GPIOPinTypeI2CSCL             
00004fa5  GPIOPinTypeUART               
00004fc9  wcslen                        
00004fed  vTaskSuspendAll               
00004ffd  __TI_decompress_none          
0000500b  LCDIDDCommandWrite            
00005017  LCDIDDDataWrite               
00005023  __TI_zero_init                
00005031  vTaskMissedYield              
0000503d  xTaskGetTickCount             
00005049  I2CMasterEnable               
0000505d  EMACPowerManagementStatusGet  
00005065  GrMapISO8859_1_Unicode        
0000506d  I2CMasterBusy                 
00005075  I2CMasterSlaveAddrSet         
0000507d  __aeabi_errno_addr            
0000508d  EMACTimestampIntStatus        
00005093  GPIOPinWrite                  
00005099  GrContextFontSet              
0000509f  ResetISR                      
000050a5  UARTClockSourceSet            
000050ab  vListInitialiseItem           
000050b1  I2CMasterControl              
000050b5  I2CMasterDataGet              
000050b9  I2CMasterDataPut              
000050bd  _system_pre_init              
000050c1  C$$EXIT                       
000050c1  abort                         
00005bd4  _ctypes_                      
00005cd8  g_sFontCm20                   
00005ecc  g_sKentec320x240x16_SSD2119   
00005ef4  g_pi32TouchParameters         
00005f10  g_psDefaultCodePointMapTable  
00005f40  ulMaxSyscallInterruptPriority 
00005f60  __TI_Handler_Table_Base       
00005f6c  __TI_Handler_Table_Limit      
00005f78  __TI_CINIT_Base               
00005f88  __TI_CINIT_Limit              
2000513c  g_pfnTimerHandler             
20005144  g_ui32SysClock                
20005148  logger_queue                  
2000514c  xHandleAlert                  
20005150  g_i16TouchX                   
20005152  g_i16TouchY                   
20005158  __stack                       
20006158  __STACK_END                   
20006158  __STACK_TOP                   
20006158  pxCurrentTCB                  
2000619c  errno                         
200061a0  g_i16TouchMin                 
ffffffff  __TI_pprof_out_hndl           
ffffffff  __TI_prof_data_size           
ffffffff  __TI_prof_data_start          
ffffffff  __binit__                     
ffffffff  __c_args__                    
ffffffff  binit                         
UNDEFED   __mpu_init                    
UNDEFED   _system_post_cinit            

[180 symbols]
